TAP version 13
# Subtest: health-bar crown frame is not selected by combat level
ok 1 - health-bar crown frame is not selected by combat level
  ---
  duration_ms: 0.808114
  type: 'test'
  ...
# Subtest: building lifetime does not invent a source ammo-bar value
ok 2 - building lifetime does not invent a source ammo-bar value
  ---
  duration_ms: 0.15423
  type: 'test'
  ...
# Subtest: source health-bar progress remains the inverse of the clamped fill
ok 3 - source health-bar progress remains the inverse of the clamped fill
  ---
  duration_ms: 0.10073
  type: 'test'
  ...
# Subtest: original timer bindings use source instance names and clamp time
ok 4 - original timer bindings use source instance names and clamp time
  ---
  duration_ms: 0.167199
  type: 'test'
  ...
# Subtest: native column texture strip has a drawable affine map
ok 5 - native column texture strip has a drawable affine map
  ---
  duration_ms: 1.151346
  type: 'test'
  ...
# Subtest: native row texture strip has a drawable affine map
ok 6 - native row texture strip has a drawable affine map
  ---
  duration_ms: 0.188261
  type: 'test'
  ...
# Subtest: native solid texture strip has a drawable affine map
ok 7 - native solid texture strip has a drawable affine map
  ---
  duration_ms: 0.248019
  type: 'test'
  ...
# Subtest: ordinary source UV polygons are left unchanged
ok 8 - ordinary source UV polygons are left unchanged
  ---
  duration_ms: 1.23434
  type: 'test'
  ...
# Subtest: native frame index preserves fps, looping and clamp
ok 9 - native frame index preserves fps, looping and clamp
  ---
  duration_ms: 1.251875
  type: 'test'
  ...
# Subtest: direction resolution covers original nine facing exports
ok 10 - direction resolution covers original nine facing exports
  ---
  duration_ms: 0.985409
  type: 'test'
  ...
# Subtest: UV affine maps rotated texture corners to their vertices
ok 11 - UV affine maps rotated texture corners to their vertices
  ---
  duration_ms: 0.523831
  type: 'test'
  ...
# Subtest: collinear texture coordinates are rejected
ok 12 - collinear texture coordinates are rejected
  ---
  duration_ms: 0.186138
  type: 'test'
  ...
# Subtest: clip resolution uses per-team source prefixes
ok 13 - clip resolution uses per-team source prefixes
  ---
  duration_ms: 0.178086
  type: 'test'
  ...
# Subtest: battle publishes movement and attack animation states
ok 14 - battle publishes movement and attack animation states
  ---
  duration_ms: 27.321678
  type: 'test'
  ...
# Subtest: paused battle freezes native animation time
ok 15 - paused battle freezes native animation time
  ---
  duration_ms: 3.846653
  type: 'test'
  ...
# Subtest: bundled native data includes original tower-princess animations for both teams
ok 16 - bundled native data includes original tower-princess animations for both teams
  ---
  duration_ms: 969.086595
  type: 'test'
  ...
# Subtest: v110: ground navigation takes a legal bridge without teleporting
ok 17 - v110: ground navigation takes a legal bridge without teleporting
  ---
  duration_ms: 57.34441
  type: 'test'
  ...
# Subtest: v110: path routes around a friendly building instead of walking through it
ok 18 - v110: path routes around a friendly building instead of walking through it
  ---
  duration_ms: 22.65986
  type: 'test'
  ...
# Subtest: v110: air navigation crosses water directly and does not choose a bridge
ok 19 - v110: air navigation crosses water directly and does not choose a bridge
  ---
  duration_ms: 3.431244
  type: 'test'
  ...
# Subtest: v110: deterministic routes and opposite-team symmetry
ok 20 - v110: deterministic routes and opposite-team symmetry
  ---
  duration_ms: 28.369449
  type: 'test'
  ...
# Subtest: v110: navigation invalidates a cached route when a building is deployed
ok 21 - v110: navigation invalidates a cached route when a building is deployed
  ---
  duration_ms: 12.979153
  type: 'test'
  ...
# Subtest: v110: units just outside attack range continue moving instead of stalling
ok 22 - v110: units just outside attack range continue moving instead of stalling
  ---
  duration_ms: 2.022364
  type: 'test'
  ...
# Subtest: v110: HogRider crosses the river but still routes around buildings
ok 23 - v110: HogRider crosses the river but still routes around buildings
  ---
  duration_ms: 9.862267
  type: 'test'
  ...
# Subtest: v110: Ghost crosses the river but still routes around buildings
ok 24 - v110: Ghost crosses the river but still routes around buildings
  ---
  duration_ms: 15.201145
  type: 'test'
  ...
# Subtest: BAT embeds exactly the reviewed C\# source and required Framework reference
ok 25 - BAT embeds exactly the reviewed C\# source and required Framework reference
  ---
  duration_ms: 2.684801
  type: 'test'
  ...
# Subtest: AI state lives under LocalApplicationData only with a fixed application folder
ok 26 - AI state lives under LocalApplicationData only with a fixed application folder
  ---
  duration_ms: 0.310042
  type: 'test'
  ...
# Subtest: state writes are token-authorized, bounded, revision-checked and atomic
ok 27 - state writes are token-authorized, bounded, revision-checked and atomic
  ---
  duration_ms: 0.36859
  type: 'test'
  ...
# Subtest: the host still denies arbitrary static POSTs, traversal and hostile origins
ok 28 - the host still denies arbitrary static POSTs, traversal and hostile origins
  ---
  duration_ms: 0.207379
  type: 'test'
  ...
# Subtest: archive names are hashed, raw retention is bounded and API revision distinguishes old hosts
ok 29 - archive names are hashed, raw retention is bounded and API revision distinguishes old hosts
  ---
  duration_ms: 0.240077
  type: 'test'
  ...
# Subtest: missing AppData resolution fails instead of writing alongside the game
ok 30 - missing AppData resolution fails instead of writing alongside the game
  ---
  duration_ms: 0.184014
  type: 'test'
  ...
# Subtest: offline opener MIME switch has no duplicate case labels (CS0152 regression)
ok 31 - offline opener MIME switch has no duplicate case labels (CS0152 regression)
  ---
  duration_ms: 1.524772
  type: 'test'
  ...
# Subtest: offline opener retains one WAV handler and serves every packaged runtime file type
ok 32 - offline opener retains one WAV handler and serves every packaged runtime file type
  ---
  duration_ms: 11.045702
  type: 'test'
  ...
# Subtest: offline opener preserves its Windows payload, loopback binding and save origin
ok 33 - offline opener preserves its Windows payload, loopback binding and save origin
  ---
  duration_ms: 0.407817
  type: 'test'
  ...
# Subtest: source excludes Mirror and Elixir Collector from both opening hands
ok 34 - source excludes Mirror and Elixir Collector from both opening hands
  ---
  duration_ms: 58.722194
  type: 'test'
  ...
# Subtest: shuffled opening differs across seeds and replays identically for a fixed seed
ok 35 - shuffled opening differs across seeds and replays identically for a fixed seed
  ---
  duration_ms: 25.165054
  type: 'test'
  ...
# Subtest: ordered fixtures preserve explicit unshuffled deck order except forbidden openings
ok 36 - ordered fixtures preserve explicit unshuffled deck order except forbidden openings
  ---
  duration_ms: 1.119098
  type: 'test'
  ...
# Subtest: web build has a small external-script entry point instead of a 149 MB payload
ok 37 - web build has a small external-script entry point instead of a 149 MB payload
  ---
  duration_ms: 3.167371
  type: 'test'
  ...
# Subtest: web release is complete and cannot contain desktop executables, installers or fonts
ok 38 - web release is complete and cannot contain desktop executables, installers or fonts
  ---
  duration_ms: 359.269722
  type: 'test'
  ...
# Subtest: split scene metadata and images resolve to packaged files with cache-busting revisions
ok 39 - split scene metadata and images resolve to packaged files with cache-busting revisions
  ---
  duration_ms: 104.381365
  type: 'test'
  ...
# Subtest: web build bundles no remote script, remote image host, or account impersonation endpoint
ok 40 - web build bundles no remote script, remote image host, or account impersonation endpoint
  ---
  duration_ms: 67.148152
  type: 'test'
  ...
# Subtest: the web build-info dialog does not advertise the old native bundle version
ok 41 - the web build-info dialog does not advertise the old native bundle version
  ---
  duration_ms: 11.416243
  type: 'test'
  ...
# Subtest: route crosses the river only inside a bridge corridor
ok 42 - route crosses the river only inside a bridge corridor
  ---
  duration_ms: 3.646955
  type: 'test'
  ...
# Subtest: two opposing ground bodies cannot tunnel through each other on a large step
ok 43 - two opposing ground bodies cannot tunnel through each other on a large step
  ---
  duration_ms: 10.565867
  type: 'test'
  ...
# Subtest: edgeDistance uses source collision radii
ok 44 - edgeDistance uses source collision radii
  ---
  duration_ms: 1.788755
  type: 'test'
  ...
# Subtest: present waiting troop can be targeted and damaged before activation
ok 45 - present waiting troop can be targeted and damaged before activation
  ---
  duration_ms: 2.347879
  type: 'test'
  ...
# Subtest: not-yet-appeared entity remains unavailable
ok 46 - not-yet-appeared entity remains unavailable
  ---
  duration_ms: 1.604552
  type: 'test'
  ...
# Subtest: Battle.move treats troop bodies as soft contacts rather than hard path obstacles
ok 47 - Battle.move treats troop bodies as soft contacts rather than hard path obstacles
  ---
  duration_ms: 6.740155
  type: 'test'
  ...
# Subtest: Cannon snaps to a tile center and exposes source range
ok 48 - Cannon snaps to a tile center and exposes source range
  ---
  duration_ms: 9.389713
  type: 'test'
  ...
# Subtest: ground placement rejects water and tower overlap even with place-anywhere cheat
ok 49 - ground placement rejects water and tower overlap even with place-anywhere cheat
  ---
  duration_ms: 3.266809
  type: 'test'
  ...
# Subtest: The Log forecast is a swept line rather than radial-only
ok 50 - The Log forecast is a swept line rather than radial-only
  ---
  duration_ms: 2.554828
  type: 'test'
  ...
# Subtest: spell forecast affected set matches live resolver predicate
ok 51 - spell forecast affected set matches live resolver predicate
  ---
  duration_ms: 1.374318
  type: 'test'
  ...
# Subtest: preview retarget warning agrees with live target after deploy
ok 52 - preview retarget warning agrees with live target after deploy
  ---
  duration_ms: 9.263645
  type: 'test'
  ...
# Subtest: existing engaged target suppresses false retarget warning
ok 53 - existing engaged target suppresses false retarget warning
  ---
  duration_ms: 1.679593
  type: 'test'
  ...
# Subtest: platform has explicit local repository and match-session interfaces
ok 54 - platform has explicit local repository and match-session interfaces
  ---
  duration_ms: 0.874864
  type: 'test'
  ...
# Subtest: repository migrates the existing v4 local save without changing its key
ok 55 - repository migrates the existing v4 local save without changing its key
  ---
  duration_ms: 9.331898
  type: 'test'
  ...
# Subtest: blocked browser storage remains an honest session-only repository
ok 56 - blocked browser storage remains an honest session-only repository
  ---
  duration_ms: 2.2481
  type: 'test'
  ...
# Subtest: corrupted save is normalized instead of crashing the application
ok 57 - corrupted save is normalized instead of crashing the application
  ---
  duration_ms: 1.52307
  type: 'test'
  ...
# Subtest: match commands are sequenced and replaying the same command cannot deploy twice
ok 58 - match commands are sequenced and replaying the same command cannot deploy twice
  ---
  duration_ms: 6.253239
  type: 'test'
  ...
# Subtest: malformed and non-finite commands cannot mutate a match
ok 59 - malformed and non-finite commands cannot mutate a match
  ---
  duration_ms: 2.424263
  type: 'test'
  ...
# Subtest: fixed-step session advances reproduce equivalent simulated time and pause freezes it
ok 60 - fixed-step session advances reproduce equivalent simulated time and pause freezes it
  ---
  duration_ms: 7.958731
  type: 'test'
  ...
# Subtest: session snapshot is an independent view, not mutable game authority
ok 61 - session snapshot is an independent view, not mutable game authority
  ---
  duration_ms: 2.196634
  type: 'test'
  ...
# Subtest: all assets preload once with bounded concurrency, then reuse persisted bytes
ok 62 - all assets preload once with bounded concurrency, then reuse persisted bytes
  ---
  duration_ms: 35.897689
  type: 'test'
  ...
# Subtest: interrupted preload resumes validated entries and retries a transient asset
ok 63 - interrupted preload resumes validated entries and retries a transient asset
  ---
  duration_ms: 3.722388
  type: 'test'
  ...
# Subtest: login HTML or corrupt assets never enter the cache
ok 64 - login HTML or corrupt assets never enter the cache
  ---
  duration_ms: 0.594826
  type: 'test'
  ...
# Subtest: storage denial falls back to bounded HTTP preloading without blocking play
ok 65 - storage denial falls back to bounded HTTP preloading without blocking play
  ---
  duration_ms: 1.12092
  type: 'test'
  ...
# Subtest: legacy or poisoned cache metadata is evicted and repaired before an asset counts as ready
ok 66 - legacy or poisoned cache metadata is evicted and repaired before an asset counts as ready
  ---
  duration_ms: 3.685002
  type: 'test'
  ...
# Subtest: quota exhaustion after a successful cache write completes through HTTP and preserves resumable entries
ok 67 - quota exhaustion after a successful cache write completes through HTTP and preserves resumable entries
  ---
  duration_ms: 4.882032
  type: 'test'
  ...
# Subtest: preload catalog cannot fetch documents, external origins or unversioned URLs
ok 68 - preload catalog cannot fetch documents, external origins or unversioned URLs
  ---
  duration_ms: 0.549479
  type: 'test'
  ...
# Subtest: source UI timelines accept a named child frame without changing sibling playback
ok 69 - source UI timelines accept a named child frame without changing sibling playback
  ---
  duration_ms: 1.681276
  type: 'test'
  ...
# Subtest: source text fields forward live values to the original glyph painter
ok 70 - source text fields forward live values to the original glyph painter
  ---
  duration_ms: 0.256782
  type: 'test'
  ...
# Subtest: hidden source instances do not render or sample their children
ok 71 - hidden source instances do not render or sample their children
  ---
  duration_ms: 0.2954
  type: 'test'
  ...
# Subtest: source damage/deploy filter nodes can wrap a rendered character
ok 72 - source damage/deploy filter nodes can wrap a rendered character
  ---
  duration_ms: 0.166508
  type: 'test'
  ...
# Subtest: native presentation module and metadata exist rather than fall back to drawn bars
ok 73 - native presentation module and metadata exist rather than fall back to drawn bars
  ---
  duration_ms: 0.178767
  type: 'test'
  ...
# Subtest: XP display uses the uploaded experience-level thresholds
ok 74 - XP display uses the uploaded experience-level thresholds
  ---
  duration_ms: 59.876394
  type: 'test'
  ...
# Subtest: current arena is derived from trophies and ignores saved manual arena selections
ok 75 - current arena is derived from trophies and ignores saved manual arena selections
  ---
  duration_ms: 8.714166
  type: 'test'
  ...
# Subtest: normalization preserves reached trophies but not a fake selected arena unlock
ok 76 - normalization preserves reached trophies but not a fake selected arena unlock
  ---
  duration_ms: 0.924949
  type: 'test'
  ...
# Subtest: chest awards keep the arena in which they were earned
ok 77 - chest awards keep the arena in which they were earned
  ---
  duration_ms: 7.951981
  type: 'test'
  ...
# Subtest: defeats cannot cross the current arena trophy gate
ok 78 - defeats cannot cross the current arena trophy gate
  ---
  duration_ms: 3.543641
  type: 'test'
  ...
# Subtest: every chest reward path is restricted to reached arenas
ok 79 - every chest reward path is restricted to reached arenas
  ---
  duration_ms: 1839.29898
  type: 'test'
  ...
# Subtest: old chests expand to the highest arena reached before they are opened
ok 80 - old chests expand to the highest arena reached before they are opened
  ---
  duration_ms: 1.462878
  type: 'test'
  ...
# Subtest: free and crown chests use the allowed pool rather than the first deck card
ok 81 - free and crown chests use the allowed pool rather than the first deck card
  ---
  duration_ms: 4.053696
  type: 'test'
  ...
# Subtest: road provides uniquely identified claimable reward steps between arena gates and into leagues
ok 82 - road provides uniquely identified claimable reward steps between arena gates and into leagues
  ---
  duration_ms: 0.537741
  type: 'test'
  ...
# Subtest: road currency claims are atomic, persistent and cannot be claimed twice
ok 83 - road currency claims are atomic, persistent and cannot be claimed twice
  ---
  duration_ms: 2.424741
  type: 'test'
  ...
# Subtest: locked and forged road claims cannot mutate inventory
ok 84 - locked and forged road claims cannot mutate inventory
  ---
  duration_ms: 2.461165
  type: 'test'
  ...
# Subtest: choice rewards require an offered card and grant only one choice
ok 85 - choice rewards require an offered card and grant only one choice
  ---
  duration_ms: 4.985775
  type: 'test'
  ...
# Subtest: wildcard rewards are stored and can be applied only to eligible matching cards
ok 86 - wildcard rewards are stored and can be applied only to eligible matching cards
  ---
  duration_ms: 1.10857
  type: 'test'
  ...
# Subtest: all road rewards resolve without future-arena chest leaks
ok 87 - all road rewards resolve without future-arena chest leaks
  ---
  duration_ms: 112.866525
  type: 'test'
  ...
# Subtest: road emotes resolve both source IndexHi and IndexLo and survive saving
ok 88 - road emotes resolve both source IndexHi and IndexLo and survive saving
  ---
  duration_ms: 3.254547
  type: 'test'
  ...
# Subtest: a road Legendary Kings Chest includes an eligible legendary rather than only magical-chest cards
ok 89 - a road Legendary Kings Chest includes an eligible legendary rather than only magical-chest cards
  ---
  duration_ms: 1.181369
  type: 'test'
  ...
# Subtest: Princess volley uses CustomFirstProjectile for the damage-bearing projectile
ok 90 - Princess volley uses CustomFirstProjectile for the damage-bearing projectile
  ---
  duration_ms: 0.949986
  type: 'test'
  ...
# Subtest: Princess entity damage derives from the damage-bearing projectile
ok 91 - Princess entity damage derives from the damage-bearing projectile
  ---
  duration_ms: 0.139288
  type: 'test'
  ...
# Subtest: Princess attack lowers a target HP
ok 92 - Princess attack lowers a target HP
  ---
  duration_ms: 12.986123
  type: 'test'
  ...
# Subtest: ordinary projectile users keep their source projectile
ok 93 - ordinary projectile users keep their source projectile
  ---
  duration_ms: 0.136644
  type: 'test'
  ...
# Subtest: reference menus preserve the classic roster and level cap
ok 94 - reference menus preserve the classic roster and level cap
  ---
  duration_ms: 4.241461
  type: 'test'
  ...
# Subtest: deck slot swaps preserve unique cards and do not mutate stored input
ok 95 - deck slot swaps preserve unique cards and do not mutate stored input
  ---
  duration_ms: 0.898099
  type: 'test'
  ...
# Subtest: collection filters use source rarity and never invent missing cards
ok 96 - collection filters use source rarity and never invent missing cards
  ---
  duration_ms: 11.655595
  type: 'test'
  ...
# Subtest: hour shop countdown includes seconds and rolls over on the hour
ok 97 - hour shop countdown includes seconds and rolls over on the hour
  ---
  duration_ms: 0.405063
  type: 'test'
  ...
# Subtest: new menu text is escaped before HTML rendering
ok 98 - new menu text is escaped before HTML rendering
  ---
  duration_ms: 0.302541
  type: 'test'
  ...
# Subtest: classic emote purchases persist, reject duplicates and insufficient gems
ok 99 - classic emote purchases persist, reject duplicates and insufficient gems
  ---
  duration_ms: 13.984821
  type: 'test'
  ...
# Subtest: removed gem packs cannot grant currency through former entry points
ok 100 - removed gem packs cannot grant currency through former entry points
  ---
  duration_ms: 8.66162
  type: 'test'
  ...
# Subtest: clan posts retain safe typed emotes across saves and drop unsupported emotes
ok 101 - clan posts retain safe typed emotes across saves and drop unsupported emotes
  ---
  duration_ms: 0.934974
  type: 'test'
  ...
# Subtest: deck menu uses screenshot-style segmented tabs and a full-width OK tray
ok 102 - deck menu uses screenshot-style segmented tabs and a full-width OK tray
  ---
  duration_ms: 1.299576
  type: 'test'
  ...
# Subtest: screenshot chrome is not bundled as a page backdrop or phone status bar
ok 103 - screenshot chrome is not bundled as a page backdrop or phone status bar
  ---
  duration_ms: 1.453637
  type: 'test'
  ...
# Subtest: clan message import tolerates null and malformed entries without losing progress
ok 104 - clan message import tolerates null and malformed entries without losing progress
  ---
  duration_ms: 0.892039
  type: 'test'
  ...
# Subtest: clan history timestamps never display NaN for imported dates
ok 105 - clan history timestamps never display NaN for imported dates
  ---
  duration_ms: 0.181421
  type: 'test'
  ...
# Subtest: battle canvas retains a modest1.25x quality floor without using the2x glyph floor
ok 106 - battle canvas retains a modest1.25x quality floor without using the2x glyph floor
  ---
  duration_ms: 3.733885
  type: 'test'
  ...
# Subtest: battle canvas preserves actual Retina and phone device density, including compact battle height
ok 107 - battle canvas preserves actual Retina and phone device density, including compact battle height
  ---
  duration_ms: 2.676218
  type: 'test'
  ...
# Subtest: battle canvas keeps the previous high-DPR cap and restores its logical transform every draw
ok 108 - battle canvas keeps the previous high-DPR cap and restores its logical transform every draw
  ---
  duration_ms: 1.109233
  type: 'test'
  ...
# Subtest: still source draw plans reuse geometry while live text and caller state remain dynamic
ok 109 - still source draw plans reuse geometry while live text and caller state remain dynamic
  ---
  duration_ms: 0.857378
  type: 'test'
  ...
# Subtest: still source plans retain hidden instances and use a bounded cache
ok 110 - still source plans retain hidden instances and use a bounded cache
  ---
  duration_ms: 2.354338
  type: 'test'
  ...
# Subtest: mask and replacement-node clips retain the ordinary interpreter
ok 111 - mask and replacement-node clips retain the ordinary interpreter
  ---
  duration_ms: 0.192557
  type: 'test'
  ...
# Subtest: 0.26 records retain the historical simulation and reproduce bridge movement
ok 112 - 0.26 records retain the historical simulation and reproduce bridge movement
  ---
  duration_ms: 1526.615049
  type: 'test'
  ...
# Subtest: 0.27 records retain the historical simulation and reproduce bridge movement
ok 113 - 0.27 records retain the historical simulation and reproduce bridge movement
  ---
  duration_ms: 1232.096287
  type: 'test'
  ...
# Subtest: new matches record0.41 and use the current simulation
ok 114 - new matches record0.41 and use the current simulation
  ---
  duration_ms: 145.258345
  type: 'test'
  ...
# Subtest: historical engine, boat adapter, data and fixtures retain the released v0.29 bytes
ok 115 - historical engine, boat adapter, data and fixtures retain the released v0.29 bytes
  ---
  duration_ms: 4.353443
  type: 'test'
  ...
# Subtest: release0.29.0 engine0.28 normal.json reproduces its stored outcome through repeated seeks
ok 116 - release0.29.0 engine0.28 normal.json reproduces its stored outcome through repeated seeks
  ---
  duration_ms: 263.424499
  type: 'test'
  ...
# Subtest: release0.29.0 engine0.28 boat.json reproduces its stored outcome through repeated seeks
ok 117 - release0.29.0 engine0.28 boat.json reproduces its stored outcome through repeated seeks
  ---
  duration_ms: 286.84436
  type: 'test'
  ...
# Subtest: release0.29.0 engine0.28 tiebreak.json reproduces its stored outcome through repeated seeks
ok 118 - release0.29.0 engine0.28 tiebreak.json reproduces its stored outcome through repeated seeks
  ---
  duration_ms: 361.346214
  type: 'test'
  ...
# Subtest: release0.28.0 engine0.28 v028-normal.json reproduces its stored outcome through repeated seeks
ok 119 - release0.28.0 engine0.28 v028-normal.json reproduces its stored outcome through repeated seeks
  ---
  duration_ms: 213.004845
  type: 'test'
  ...
# Subtest: release0.28.0 engine0.28 v028-boat.json reproduces its stored outcome through repeated seeks
ok 120 - release0.28.0 engine0.28 v028-boat.json reproduces its stored outcome through repeated seeks
  ---
  duration_ms: 262.147534
  type: 'test'
  ...
# Subtest: release0.28.0 engine0.28 v028-tiebreak.json reproduces its stored outcome through repeated seeks
ok 121 - release0.28.0 engine0.28 v028-tiebreak.json reproduces its stored outcome through repeated seeks
  ---
  duration_ms: 334.704158
  type: 'test'
  ...
# Subtest: engine0.28 boat playback is independent of live simulation and live boat adapter
ok 122 - engine0.28 boat playback is independent of live simulation and live boat adapter
  ---
  duration_ms: 127.777982
  type: 'test'
  ...
# Subtest: browser loading keeps current and both historical engine globals isolated
ok 123 - browser loading keeps current and both historical engine globals isolated
  ---
  duration_ms: 615.707148
  type: 'test'
  ...
# Subtest: current records use engine0.43 while unsupported engine tags remain rejected
ok 124 - current records use engine0.43 while unsupported engine tags remain rejected
  ---
  duration_ms: 9.222946
  type: 'test'
  ...
# Subtest: historical engine, boat adapter, data and fixtures retain the released v0.30 bytes
ok 125 - historical engine, boat adapter, data and fixtures retain the released v0.30 bytes
  ---
  duration_ms: 3.646264
  type: 'test'
  ...
# Subtest: release0.30.0 engine0.30 baby-dragon-crossing.json reproduces its stored outcome through repeated seeks
ok 126 - release0.30.0 engine0.30 baby-dragon-crossing.json reproduces its stored outcome through repeated seeks
  ---
  duration_ms: 263.333267
  type: 'test'
  ...
# Subtest: release0.30.0 engine0.30 normal.json reproduces its stored outcome through repeated seeks
ok 127 - release0.30.0 engine0.30 normal.json reproduces its stored outcome through repeated seeks
  ---
  duration_ms: 271.191187
  type: 'test'
  ...
# Subtest: release0.30.0 engine0.30 boat.json reproduces its stored outcome through repeated seeks
ok 128 - release0.30.0 engine0.30 boat.json reproduces its stored outcome through repeated seeks
  ---
  duration_ms: 281.76474
  type: 'test'
  ...
# Subtest: release0.30.0 engine0.30 tiebreak.json reproduces its stored outcome through repeated seeks
ok 129 - release0.30.0 engine0.30 tiebreak.json reproduces its stored outcome through repeated seeks
  ---
  duration_ms: 341.706775
  type: 'test'
  ...
# Subtest: engine0.30 boat playback is independent of live simulation and live boat adapter
ok 130 - engine0.30 boat playback is independent of live simulation and live boat adapter
  ---
  duration_ms: 138.275618
  type: 'test'
  ...
# Subtest: browser loading keeps current and all historical engine globals isolated
ok 131 - browser loading keeps current and all historical engine globals isolated
  ---
  duration_ms: 734.155111
  type: 'test'
  ...
# Subtest: current records use engine0.43 while unsupported engine tags remain rejected
ok 132 - current records use engine0.43 while unsupported engine tags remain rejected
  ---
  duration_ms: 7.966343
  type: 'test'
  ...
# Subtest: historical engine, boat adapter, data and fixtures retain the released v0.31 bytes
ok 133 - historical engine, boat adapter, data and fixtures retain the released v0.31 bytes
  ---
  duration_ms: 4.051879
  type: 'test'
  ...
# Subtest: release0.31.0 engine0.31 baby-dragon-lane.json reproduces its stored outcome through repeated seeks
ok 134 - release0.31.0 engine0.31 baby-dragon-lane.json reproduces its stored outcome through repeated seeks
  ---
  duration_ms: 324.101001
  type: 'test'
  ...
# Subtest: release0.31.0 engine0.31 normal.json reproduces its stored outcome through repeated seeks
ok 135 - release0.31.0 engine0.31 normal.json reproduces its stored outcome through repeated seeks
  ---
  duration_ms: 261.352203
  type: 'test'
  ...
# Subtest: release0.31.0 engine0.31 boat.json reproduces its stored outcome through repeated seeks
ok 136 - release0.31.0 engine0.31 boat.json reproduces its stored outcome through repeated seeks
  ---
  duration_ms: 310.040812
  type: 'test'
  ...
# Subtest: release0.31.0 engine0.31 tiebreak.json reproduces its stored outcome through repeated seeks
ok 137 - release0.31.0 engine0.31 tiebreak.json reproduces its stored outcome through repeated seeks
  ---
  duration_ms: 363.308283
  type: 'test'
  ...
# Subtest: engine0.31 boat playback is independent of live simulation and live boat adapter
ok 138 - engine0.31 boat playback is independent of live simulation and live boat adapter
  ---
  duration_ms: 125.235874
  type: 'test'
  ...
# Subtest: browser loading keeps current and all historical engine globals isolated
ok 139 - browser loading keeps current and all historical engine globals isolated
  ---
  duration_ms: 558.460206
  type: 'test'
  ...
# Subtest: current records use engine0.43 while unsupported engine tags remain rejected
ok 140 - current records use engine0.43 while unsupported engine tags remain rejected
  ---
  duration_ms: 8.625675
  type: 'test'
  ...
# Subtest: source image restoration is available in the web-only project
ok 141 - source image restoration is available in the web-only project
  ---
  duration_ms: 0.940121
  type: 'test'
  ...
# Subtest: clean source tree reuses verified distributed images without a second bundled copy
ok 142 - clean source tree reuses verified distributed images without a second bundled copy
  ---
  duration_ms: 4.779383
  type: 'test'
  ...
# Subtest: restoration detects corrupt distributed images before copying them
ok 143 - restoration detects corrupt distributed images before copying them
  ---
  duration_ms: 1.357353
  type: 'test'
  ...
# Subtest: restoration rejects a manifest path escaping the project
ok 144 - restoration rejects a manifest path escaping the project
  ---
  duration_ms: 0.950867
  type: 'test'
  ...
# Subtest: every non-choice road reward maps to an original game icon, not a question-mark placeholder
ok 145 - every non-choice road reward maps to an original game icon, not a question-mark placeholder
  ---
  duration_ms: 2.714545
  type: 'test'
  ...
# Subtest: tokens and wild cards use their own rarity-specific graphics
ok 146 - tokens and wild cards use their own rarity-specific graphics
  ---
  duration_ms: 0.150264
  type: 'test'
  ...
# Subtest: all102 sandbox cards expose finite Level0 and99 stats and match their spawned entity definitions
ok 147 - all102 sandbox cards expose finite Level0 and99 stats and match their spawned entity definitions
  ---
  duration_ms: 4.3681
  type: 'test'
  ...
# Subtest: Level0 real Fireball damage uses the same scale as its card stats
ok 148 - Level0 real Fireball damage uses the same scale as its card stats
  ---
  duration_ms: 10.947676
  type: 'test'
  ...
# Subtest: Level0 Poison area and direct area buffs preserve their level and damage
ok 149 - Level0 Poison area and direct area buffs preserve their level and damage
  ---
  duration_ms: 5.364805
  type: 'test'
  ...
# Subtest: Level0 Golem splits preserve child levels and power stats
ok 150 - Level0 Golem splits preserve child levels and power stats
  ---
  duration_ms: 2.356593
  type: 'test'
  ...
# Subtest: Level0 goblin-giant propagates its level through the live child-spawn chain
ok 151 - Level0 goblin-giant propagates its level through the live child-spawn chain
  ---
  duration_ms: 3.619975
  type: 'test'
  ...
# Subtest: Level0 witch propagates its level through the live child-spawn chain
ok 152 - Level0 witch propagates its level through the live child-spawn chain
  ---
  duration_ms: 18.003802
  type: 'test'
  ...
# Subtest: Level0 graveyard propagates its level through the live child-spawn chain
ok 153 - Level0 graveyard propagates its level through the live child-spawn chain
  ---
  duration_ms: 2.9856
  type: 'test'
  ...
# Subtest: Level0 goblin-barrel propagates its level through the live child-spawn chain
ok 154 - Level0 goblin-barrel propagates its level through the live child-spawn chain
  ---
  duration_ms: 3.274991
  type: 'test'
  ...
# Subtest: Level0 barbarian-barrel propagates its level through the live child-spawn chain
ok 155 - Level0 barbarian-barrel propagates its level through the live child-spawn chain
  ---
  duration_ms: 3.549821
  type: 'test'
  ...
# Subtest: Level0 royal-delivery propagates its level through the live child-spawn chain
ok 156 - Level0 royal-delivery propagates its level through the live child-spawn chain
  ---
  duration_ms: 3.180961
  type: 'test'
  ...
# Subtest: Level0 crown towers use their requested isolated definitions
ok 157 - Level0 crown towers use their requested isolated definitions
  ---
  duration_ms: 1.90569
  type: 'test'
  ...
# Subtest: Level99 real Fireball damage uses the same scale as its card stats
ok 158 - Level99 real Fireball damage uses the same scale as its card stats
  ---
  duration_ms: 2.571472
  type: 'test'
  ...
# Subtest: Level99 Poison area and direct area buffs preserve their level and damage
ok 159 - Level99 Poison area and direct area buffs preserve their level and damage
  ---
  duration_ms: 3.679173
  type: 'test'
  ...
# Subtest: Level99 Golem splits preserve child levels and power stats
ok 160 - Level99 Golem splits preserve child levels and power stats
  ---
  duration_ms: 1.029064
  type: 'test'
  ...
# Subtest: Level99 goblin-giant propagates its level through the live child-spawn chain
ok 161 - Level99 goblin-giant propagates its level through the live child-spawn chain
  ---
  duration_ms: 1.626804
  type: 'test'
  ...
# Subtest: Level99 witch propagates its level through the live child-spawn chain
ok 162 - Level99 witch propagates its level through the live child-spawn chain
  ---
  duration_ms: 14.868499
  type: 'test'
  ...
# Subtest: Level99 graveyard propagates its level through the live child-spawn chain
ok 163 - Level99 graveyard propagates its level through the live child-spawn chain
  ---
  duration_ms: 3.06614
  type: 'test'
  ...
# Subtest: Level99 goblin-barrel propagates its level through the live child-spawn chain
ok 164 - Level99 goblin-barrel propagates its level through the live child-spawn chain
  ---
  duration_ms: 3.050687
  type: 'test'
  ...
# Subtest: Level99 barbarian-barrel propagates its level through the live child-spawn chain
ok 165 - Level99 barbarian-barrel propagates its level through the live child-spawn chain
  ---
  duration_ms: 1.77176
  type: 'test'
  ...
# Subtest: Level99 royal-delivery propagates its level through the live child-spawn chain
ok 166 - Level99 royal-delivery propagates its level through the live child-spawn chain
  ---
  duration_ms: 2.173539
  type: 'test'
  ...
# Subtest: Level99 crown towers use their requested isolated definitions
ok 167 - Level99 crown towers use their requested isolated definitions
  ---
  duration_ms: 1.419746
  type: 'test'
  ...
# Subtest: Clone preserves the copied troop level while Mirror caps its bonus at99
ok 168 - Clone preserves the copied troop level while Mirror caps its bonus at99
  ---
  duration_ms: 2.064347
  type: 'test'
  ...
# Subtest: extended sandbox definitions never change normal catalog caches, saved caps, or another sandbox
ok 169 - extended sandbox definitions never change normal catalog caches, saved caps, or another sandbox
  ---
  duration_ms: 3.95849
  type: 'test'
  ...
# Subtest: sandbox has no opponents, recorder, result or time limit
ok 170 - sandbox has no opponents, recorder, result or time limit
  ---
  duration_ms: 9.864792
  type: 'test'
  ...
# Subtest: each of 102 cards can be cast for either team without a deck, elixir or territory gate
ok 171 - each of 102 cards can be cast for either team without a deck, elixir or territory gate
  ---
  duration_ms: 158.747898
  type: 'test'
  ...
# Subtest: sandbox Mirror requires and copies the previous card for its selected team
ok 172 - sandbox Mirror requires and copies the previous card for its selected team
  ---
  duration_ms: 0.963476
  type: 'test'
  ...
# Subtest: tower selection removes only the chosen towers and reset restores their health
ok 173 - tower selection removes only the chosen towers and reset restores their health
  ---
  duration_ms: 1.832271
  type: 'test'
  ...
# Subtest: clear removes pending spells and units, pause freezes combat but permits arranging units
ok 174 - clear removes pending spells and units, pause freezes combat but permits arranging units
  ---
  duration_ms: 1.149813
  type: 'test'
  ...
# Subtest: Baby Dragon has no target and stays idle when every enemy is absent
ok 175 - Baby Dragon has no target and stays idle when every enemy is absent
  ---
  duration_ms: 3.769818
  type: 'test'
  ...
# Subtest: invalid sandbox commands have no side effects and regular battles keep normal rules
ok 176 - invalid sandbox commands have no side effects and regular battles keep normal rules
  ---
  duration_ms: 2.802176
  type: 'test'
  ...
# Subtest: sandbox levels 0, 1, 13, 30 and 99 scale troop health, attacks and shields consistently
ok 177 - sandbox levels 0, 1, 13, 30 and 99 scale troop health, attacks and shields consistently
  ---
  duration_ms: 3.873332
  type: 'test'
  ...
# Subtest: sandbox levels pass through spells, death spawns, towers and Mirror without normal caps
ok 178 - sandbox levels pass through spells, death spawns, towers and Mirror without normal caps
  ---
  duration_ms: 12.524847
  type: 'test'
  ...
# Subtest: source global excludes Mirror from both opening hands without changing the saved deck
ok 179 - source global excludes Mirror from both opening hands without changing the saved deck
  ---
  duration_ms: 7.003637
  type: 'test'
  ...
# Subtest: Mirror uses its own level plus the source offset rather than the preceding card level
ok 180 - Mirror uses its own level plus the source offset rather than the preceding card level
  ---
  duration_ms: 3.450382
  type: 'test'
  ...
# Subtest: SpellAsDeploy rolling cards cannot be cast in enemy territory with intact towers
ok 181 - SpellAsDeploy rolling cards cannot be cast in enemy territory with intact towers
  ---
  duration_ms: 4.205177
  type: 'test'
  ...
# Subtest: CanPlaceOnBuildings permits a Royal Delivery on an allied tower
ok 182 - CanPlaceOnBuildings permits a Royal Delivery on an allied tower
  ---
  duration_ms: 1.156043
  type: 'test'
  ...
# Subtest: spell damage resolves the original secondary projectile and area projectile
ok 183 - spell damage resolves the original secondary projectile and area projectile
  ---
  duration_ms: 0.159938
  type: 'test'
  ...
# Subtest: card detail metadata identifies spell ticks, durations and delivered troops
ok 184 - card detail metadata identifies spell ticks, durations and delivered troops
  ---
  duration_ms: 0.141391
  type: 'test'
  ...
# Subtest: Heal Spirit is classified as a troop despite its original spells table
ok 185 - Heal Spirit is classified as a troop despite its original spells table
  ---
  duration_ms: 0.118627
  type: 'test'
  ...
# Subtest: Sudden Death starts in the uploaded overtime section and ends on first tower
ok 186 - Sudden Death starts in the uploaded overtime section and ends on first tower
  ---
  duration_ms: 9.6288
  type: 'test'
  ...
# Subtest: timeline section lengths control the displayed clock
ok 187 - timeline section lengths control the displayed clock
  ---
  duration_ms: 1.756338
  type: 'test'
  ...
# Subtest: Electro Dragon source ChainedHitCount includes the primary target
ok 188 - Electro Dragon source ChainedHitCount includes the primary target
  ---
  duration_ms: 3.109624
  type: 'test'
  ...
# Subtest: a periodic buff includes a hit scheduled at its expiry boundary
ok 189 - a periodic buff includes a hit scheduled at its expiry boundary
  ---
  duration_ms: 9.672455
  type: 'test'
  ...
# Subtest: two distinct Poison areas stack their damage, same area refresh does not stack
ok 190 - two distinct Poison areas stack their damage, same area refresh does not stack
  ---
  duration_ms: 21.866809
  type: 'test'
  ...
# Subtest: Earthquake delivers three ground-only source damage ticks
ok 191 - Earthquake delivers three ground-only source damage ticks
  ---
  duration_ms: 20.099105
  type: 'test'
  ...
# Subtest: every visible source card retains all raw behavior fields and rarity levels
ok 192 - every visible source card retains all raw behavior fields and rarity levels
  ---
  duration_ms: 9.142605
  type: 'test'
  ...
# Subtest: full UI skin and fixed word labels are bundled images, not downloadable fonts
ok 193 - full UI skin and fixed word labels are bundled images, not downloadable fonts
  ---
  duration_ms: 1.379937
  type: 'test'
  ...
# Subtest: static host serves the exact web entry with restrictive headers
ok 194 - static host serves the exact web entry with restrictive headers
  ---
  duration_ms: 48.839408
  type: 'test'
  ...
# Subtest: hashed scripts have immutable cache headers and gzip round trips
ok 195 - hashed scripts have immutable cache headers and gzip round trips
  ---
  duration_ms: 107.400978
  type: 'test'
  ...
# Subtest: HEAD returns file length without the body
ok 196 - HEAD returns file length without the body
  ---
  duration_ms: 2.3687
  type: 'test'
  ...
# Subtest: static host rejects writes and cannot expose parent source files
ok 197 - static host rejects writes and cannot expose parent source files
  ---
  duration_ms: 10.418367
  type: 'test'
  ...
# Subtest: text variants vary on accepted encoding, even when uncompressed
ok 198 - text variants vary on accepted encoding, even when uncompressed
  ---
  duration_ms: 1.853282
  type: 'test'
  ...
# Subtest: gzip explicitly refused by the client is not sent
ok 199 - gzip explicitly refused by the client is not sent
  ---
  duration_ms: 1.303943
  type: 'test'
  ...
# Subtest: tactical policy exposes a restricted public observation
ok 200 - tactical policy exposes a restricted public observation
  ---
  duration_ms: 7.945752
  type: 'test'
  ...
# Subtest: policy does not read the opposing hand queue or exact elixir
ok 201 - policy does not read the opposing hand queue or exact elixir
  ---
  duration_ms: 5.801416
  type: 'test'
  ...
# Subtest: invisible enemy units are absent from observation
ok 202 - invisible enemy units are absent from observation
  ---
  duration_ms: 1.465824
  type: 'test'
  ...
# Subtest: waits instead of spending the starting bank without a threat
ok 203 - waits instead of spending the starting bank without a threat
  ---
  duration_ms: 1.474949
  type: 'test'
  ...
# Subtest: saves single-elixir budget for a coherent heavy opening
ok 204 - saves single-elixir budget for a coherent heavy opening
  ---
  duration_ms: 1.519475
  type: 'test'
  ...
# Subtest: avoids leaking at full elixir
ok 205 - avoids leaking at full elixir
  ---
  duration_ms: 1.531332
  type: 'test'
  ...
# Subtest: selects anti-air instead of a ground-only counter against Balloon
ok 206 - selects anti-air instead of a ground-only counter against Balloon
  ---
  duration_ms: 2.029925
  type: 'test'
  ...
# Subtest: uses splash against a clustered skeleton swarm
ok 207 - uses splash against a clustered skeleton swarm
  ---
  duration_ms: 4.083716
  type: 'test'
  ...
# Subtest: chooses a tank killer against a Giant
ok 208 - chooses a tank killer against a Giant
  ---
  duration_ms: 2.732022
  type: 'test'
  ...
# Subtest: central defensive building pulls an approaching building-targeter
ok 209 - central defensive building pulls an approaching building-targeter
  ---
  duration_ms: 2.586805
  type: 'test'
  ...
# Subtest: does not use a ground-only spell against Minions
ok 210 - does not use a ground-only spell against Minions
  ---
  duration_ms: 2.248381
  type: 'test'
  ...
# Subtest: spells target valuable clusters rather than a naked healthy tower
ok 211 - spells target valuable clusters rather than a naked healthy tower
  ---
  duration_ms: 1.110545
  type: 'test'
  ...
# Subtest: finishes a lethal princess tower with a damage spell
ok 212 - finishes a lethal princess tower with a damage spell
  ---
  duration_ms: 0.976485
  type: 'test'
  ...
# Subtest: never wastes a standalone spell on a healthy sleeping king
ok 213 - never wastes a standalone spell on a healthy sleeping king
  ---
  duration_ms: 0.989906
  type: 'test'
  ...
# Subtest: does not rage empty ground
ok 214 - does not rage empty ground
  ---
  duration_ms: 0.837428
  type: 'test'
  ...
# Subtest: refuses unavailable or unaffordable hand slots
ok 215 - refuses unavailable or unaffordable hand slots
  ---
  duration_ms: 1.029484
  type: 'test'
  ...
# Subtest: returns deterministic choices and reasons for a fixed observation
ok 216 - returns deterministic choices and reasons for a fixed observation
  ---
  duration_ms: 2.719493
  type: 'test'
  ...
# Subtest: observation does not mutate the battle
ok 217 - observation does not mutate the battle
  ---
  duration_ms: 1.284214
  type: 'test'
  ...
# Subtest: attack policy supports either side with legal symmetric placement
ok 218 - attack policy supports either side with legal symmetric placement
  ---
  duration_ms: 1.667876
  type: 'test'
  ...
# Subtest: public deployment costs update remembered enemy elixir without hidden reads
ok 219 - public deployment costs update remembered enemy elixir without hidden reads
  ---
  duration_ms: 1.648657
  type: 'test'
  ...
# Subtest: default battle uses tactical policy and still only spends legal elixir
ok 220 - default battle uses tactical policy and still only spends legal elixir
  ---
  duration_ms: 64.537894
  type: 'test'
  ...
# Subtest: fresh deployments respect the humanized observation delay
ok 221 - fresh deployments respect the humanized observation delay
  ---
  duration_ms: 1.483842
  type: 'test'
  ...
# Subtest: Mortar placement forecast excludes its blind spot but includes a legal farther target
ok 222 - Mortar placement forecast excludes its blind spot but includes a legal farther target
  ---
  duration_ms: 10.736441
  type: 'test'
  ...
# Subtest: a troop placed in enemy Mortar blind spot is not forecast as immediately attackable
ok 223 - a troop placed in enemy Mortar blind spot is not forecast as immediately attackable
  ---
  duration_ms: 2.24075
  type: 'test'
  ...
# Subtest: Mortar cancels an unlaunched shot when its target enters the source minimum range
ok 224 - Mortar cancels an unlaunched shot when its target enters the source minimum range
  ---
  duration_ms: 12.075286
  type: 'test'
  ...
# Subtest: Mortar can reacquire a legal target and starts its full new windup
ok 225 - Mortar can reacquire a legal target and starts its full new windup
  ---
  duration_ms: 3.987272
  type: 'test'
  ...
# Subtest: minimum-range forecasting is pure, even while a real attack is pending
ok 226 - minimum-range forecasting is pure, even while a real attack is pending
  ---
  duration_ms: 1.745852
  type: 'test'
  ...
# Subtest: Mortar still acquires targets at the exact minimum-range boundary
ok 227 - Mortar still acquires targets at the exact minimum-range boundary
  ---
  duration_ms: 1.404994
  type: 'test'
  ...
# Subtest: losing a dead target clears its pending attack presentation
ok 228 - losing a dead target clears its pending attack presentation
  ---
  duration_ms: 1.681106
  type: 'test'
  ...
# Subtest: source maximum-distance grace still preserves an already-started shot
ok 229 - source maximum-distance grace still preserves an already-started shot
  ---
  duration_ms: 2.052078
  type: 'test'
  ...
# Subtest: a target beyond the source maximum-distance grace cancels and clears its pending pose immediately
ok 230 - a target beyond the source maximum-distance grace cancels and clears its pending pose immediately
  ---
  duration_ms: 1.145377
  type: 'test'
  ...
# Subtest: a canceled hit can keep the same navigation target without retaining its pending attack
ok 231 - a canceled hit can keep the same navigation target without retaining its pending attack
  ---
  duration_ms: 2.12075
  type: 'test'
  ...
# Subtest: normal team 0: a walking troop freely selects a closer valid enemy, including a 0.1-tile improvement
ok 232 - normal team 0: a walking troop freely selects a closer valid enemy, including a 0.1-tile improvement
  ---
  duration_ms: 1.83175
  type: 'test'
  ...
# Subtest: normal team 0: engaged lock survives distraction but releases on death, concealment, or lost range
ok 233 - normal team 0: engaged lock survives distraction but releases on death, concealment, or lost range
  ---
  duration_ms: 5.474029
  type: 'test'
  ...
# Subtest: normal team 0: source ground/air and buildings-only categories remain hard restrictions
ok 234 - normal team 0: source ground/air and buildings-only categories remain hard restrictions
  ---
  duration_ms: 1.020521
  type: 'test'
  ...
# Subtest: normal team 0: source sight excludes just-outside enemies and no enemy means idle
ok 235 - normal team 0: source sight excludes just-outside enemies and no enemy means idle
  ---
  duration_ms: 1.244926
  type: 'test'
  ...
# Subtest: normal team 0: an opened default lane leads toward King instead of the opposite Princess
ok 236 - normal team 0: an opened default lane leads toward King instead of the opposite Princess
  ---
  duration_ms: 1.053159
  type: 'test'
  ...
# Subtest: normal team 0: visible King acquisition is separate from same-lane Princess fallback
ok 237 - normal team 0: visible King acquisition is separate from same-lane Princess fallback
  ---
  duration_ms: 1.035504
  type: 'test'
  ...
# Subtest: normal team 0: Crown-only and King-only constraints also apply to acquisition and fallback
ok 238 - normal team 0: Crown-only and King-only constraints also apply to acquisition and fallback
  ---
  duration_ms: 1.493115
  type: 'test'
  ...
# Subtest: normal team 1: a walking troop freely selects a closer valid enemy, including a 0.1-tile improvement
ok 239 - normal team 1: a walking troop freely selects a closer valid enemy, including a 0.1-tile improvement
  ---
  duration_ms: 1.461759
  type: 'test'
  ...
# Subtest: normal team 1: engaged lock survives distraction but releases on death, concealment, or lost range
ok 240 - normal team 1: engaged lock survives distraction but releases on death, concealment, or lost range
  ---
  duration_ms: 4.899031
  type: 'test'
  ...
# Subtest: normal team 1: source ground/air and buildings-only categories remain hard restrictions
ok 241 - normal team 1: source ground/air and buildings-only categories remain hard restrictions
  ---
  duration_ms: 1.617621
  type: 'test'
  ...
# Subtest: normal team 1: source sight excludes just-outside enemies and no enemy means idle
ok 242 - normal team 1: source sight excludes just-outside enemies and no enemy means idle
  ---
  duration_ms: 0.91249
  type: 'test'
  ...
# Subtest: normal team 1: an opened default lane leads toward King instead of the opposite Princess
ok 243 - normal team 1: an opened default lane leads toward King instead of the opposite Princess
  ---
  duration_ms: 0.754024
  type: 'test'
  ...
# Subtest: normal team 1: visible King acquisition is separate from same-lane Princess fallback
ok 244 - normal team 1: visible King acquisition is separate from same-lane Princess fallback
  ---
  duration_ms: 0.733363
  type: 'test'
  ...
# Subtest: normal team 1: Crown-only and King-only constraints also apply to acquisition and fallback
ok 245 - normal team 1: Crown-only and King-only constraints also apply to acquisition and fallback
  ---
  duration_ms: 0.965409
  type: 'test'
  ...
# Subtest: sandbox team 0: a walking troop freely selects a closer valid enemy, including a 0.1-tile improvement
ok 246 - sandbox team 0: a walking troop freely selects a closer valid enemy, including a 0.1-tile improvement
  ---
  duration_ms: 2.441178
  type: 'test'
  ...
# Subtest: sandbox team 0: engaged lock survives distraction but releases on death, concealment, or lost range
ok 247 - sandbox team 0: engaged lock survives distraction but releases on death, concealment, or lost range
  ---
  duration_ms: 5.116185
  type: 'test'
  ...
# Subtest: sandbox team 0: source ground/air and buildings-only categories remain hard restrictions
ok 248 - sandbox team 0: source ground/air and buildings-only categories remain hard restrictions
  ---
  duration_ms: 1.036825
  type: 'test'
  ...
# Subtest: sandbox team 0: source sight excludes just-outside enemies and no enemy means idle
ok 249 - sandbox team 0: source sight excludes just-outside enemies and no enemy means idle
  ---
  duration_ms: 0.770027
  type: 'test'
  ...
# Subtest: sandbox team 0: an opened default lane leads toward King instead of the opposite Princess
ok 250 - sandbox team 0: an opened default lane leads toward King instead of the opposite Princess
  ---
  duration_ms: 0.691341
  type: 'test'
  ...
# Subtest: sandbox team 0: visible King acquisition is separate from same-lane Princess fallback
ok 251 - sandbox team 0: visible King acquisition is separate from same-lane Princess fallback
  ---
  duration_ms: 0.738901
  type: 'test'
  ...
# Subtest: sandbox team 0: Crown-only and King-only constraints also apply to acquisition and fallback
ok 252 - sandbox team 0: Crown-only and King-only constraints also apply to acquisition and fallback
  ---
  duration_ms: 0.85899
  type: 'test'
  ...
# Subtest: sandbox team 1: a walking troop freely selects a closer valid enemy, including a 0.1-tile improvement
ok 253 - sandbox team 1: a walking troop freely selects a closer valid enemy, including a 0.1-tile improvement
  ---
  duration_ms: 1.340277
  type: 'test'
  ...
# Subtest: sandbox team 1: engaged lock survives distraction but releases on death, concealment, or lost range
ok 254 - sandbox team 1: engaged lock survives distraction but releases on death, concealment, or lost range
  ---
  duration_ms: 2.534347
  type: 'test'
  ...
# Subtest: sandbox team 1: source ground/air and buildings-only categories remain hard restrictions
ok 255 - sandbox team 1: source ground/air and buildings-only categories remain hard restrictions
  ---
  duration_ms: 0.732351
  type: 'test'
  ...
# Subtest: sandbox team 1: source sight excludes just-outside enemies and no enemy means idle
ok 256 - sandbox team 1: source sight excludes just-outside enemies and no enemy means idle
  ---
  duration_ms: 0.842506
  type: 'test'
  ...
# Subtest: sandbox team 1: an opened default lane leads toward King instead of the opposite Princess
ok 257 - sandbox team 1: an opened default lane leads toward King instead of the opposite Princess
  ---
  duration_ms: 0.762697
  type: 'test'
  ...
# Subtest: sandbox team 1: visible King acquisition is separate from same-lane Princess fallback
ok 258 - sandbox team 1: visible King acquisition is separate from same-lane Princess fallback
  ---
  duration_ms: 0.975033
  type: 'test'
  ...
# Subtest: sandbox team 1: Crown-only and King-only constraints also apply to acquisition and fallback
ok 259 - sandbox team 1: Crown-only and King-only constraints also apply to acquisition and fallback
  ---
  duration_ms: 0.708757
  type: 'test'
  ...
# Subtest: duo King team 0: each barrel preserves its own pending target within grace and reacquires beyond it
ok 260 - duo King team 0: each barrel preserves its own pending target within grace and reacquires beyond it
  ---
  duration_ms: 1.437112
  type: 'test'
  ...
# Subtest: duo King team 1: each barrel preserves its own pending target within grace and reacquires beyond it
ok 261 - duo King team 1: each barrel preserves its own pending target within grace and reacquires beyond it
  ---
  duration_ms: 0.803938
  type: 'test'
  ...
# Subtest: Electro Wizard team 0: two closer arrivals cannot steal the locked primary bolt
ok 262 - Electro Wizard team 0: two closer arrivals cannot steal the locked primary bolt
  ---
  duration_ms: 1.529029
  type: 'test'
  ...
# Subtest: Electro Wizard team 0: secondary bolt chooses the nearer collision boundary, not the nearer center
ok 263 - Electro Wizard team 0: secondary bolt chooses the nearer collision boundary, not the nearer center
  ---
  duration_ms: 0.977457
  type: 'test'
  ...
# Subtest: Electro Wizard team 0: committed primary in source grace still receives its bolt
ok 264 - Electro Wizard team 0: committed primary in source grace still receives its bolt
  ---
  duration_ms: 1.166017
  type: 'test'
  ...
# Subtest: Electro Wizard team 0: one eligible enemy receives both bolts despite hidden or attached neighbors
ok 265 - Electro Wizard team 0: one eligible enemy receives both bolts despite hidden or attached neighbors
  ---
  duration_ms: 1.299126
  type: 'test'
  ...
# Subtest: Electro Wizard team 1: two closer arrivals cannot steal the locked primary bolt
ok 266 - Electro Wizard team 1: two closer arrivals cannot steal the locked primary bolt
  ---
  duration_ms: 1.357452
  type: 'test'
  ...
# Subtest: Electro Wizard team 1: secondary bolt chooses the nearer collision boundary, not the nearer center
ok 267 - Electro Wizard team 1: secondary bolt chooses the nearer collision boundary, not the nearer center
  ---
  duration_ms: 0.858509
  type: 'test'
  ...
# Subtest: Electro Wizard team 1: committed primary in source grace still receives its bolt
ok 268 - Electro Wizard team 1: committed primary in source grace still receives its bolt
  ---
  duration_ms: 0.973511
  type: 'test'
  ...
# Subtest: Electro Wizard team 1: one eligible enemy receives both bolts despite hidden or attached neighbors
ok 269 - Electro Wizard team 1: one eligible enemy receives both bolts despite hidden or attached neighbors
  ---
  duration_ms: 1.185207
  type: 'test'
  ...
# Subtest: v110: 2v2 bot announces a placement before spending its own elixir
ok 270 - v110: 2v2 bot announces a placement before spending its own elixir
  ---
  duration_ms: 9.921877
  type: 'test'
  ...
# Subtest: v110: only allied declared intentions cross the observation boundary
ok 271 - v110: only allied declared intentions cross the observation boundary
  ---
  duration_ms: 2.829126
  type: 'test'
  ...
# Subtest: v110: a second ally discounts a redundant area spell
ok 272 - v110: a second ally discounts a redundant area spell
  ---
  duration_ms: 9.404526
  type: 'test'
  ...
# Subtest: v110: 2v2 has four distinct seats, decks and elixir banks
ok 273 - v110: 2v2 has four distinct seats, decks and elixir banks
  ---
  duration_ms: 13.819886
  type: 'test'
  ...
# Subtest: v110: source team elixir timeline applies separately to all players
ok 274 - v110: source team elixir timeline applies separately to all players
  ---
  duration_ms: 7.09914
  type: 'test'
  ...
# Subtest: v110: red teammate may not place ordinary troops in blue territory
ok 275 - v110: red teammate may not place ordinary troops in blue territory
  ---
  duration_ms: 2.037026
  type: 'test'
  ...
# Subtest: v110: Mirror follows its own seat instead of the teammate
ok 276 - v110: Mirror follows its own seat instead of the teammate
  ---
  duration_ms: 1.792191
  type: 'test'
  ...
# Subtest: v110: collector elixir belongs to its player, not both allies
ok 277 - v110: collector elixir belongs to its player, not both allies
  ---
  duration_ms: 1.747725
  type: 'test'
  ...
# Subtest: v110: delayed summons retain the deploying seat ownership
ok 278 - v110: delayed summons retain the deploying seat ownership
  ---
  duration_ms: 16.568683
  type: 'test'
  ...
# Subtest: v110: two teams share king health but have two firing positions
ok 279 - v110: two teams share king health but have two firing positions
  ---
  duration_ms: 12.125686
  type: 'test'
  ...
# Subtest: v110: all three bots act without draining human resources
ok 280 - v110: all three bots act without draining human resources
  ---
  duration_ms: 102.192702
  type: 'test'
  ...
# Subtest: v110: second bot observes its own hand and visible teammates only
ok 281 - v110: second bot observes its own hand and visible teammates only
  ---
  duration_ms: 1.38868
  type: 'test'
  ...
# Subtest: v110: 2v2 does not alter trophies but can earn normal party rewards
ok 282 - v110: 2v2 does not alter trophies but can earn normal party rewards
  ---
  duration_ms: 5.14631
  type: 'test'
  ...
# Subtest: tiebreak message immediately replaces queued overtime and elixir announcements
ok 283 - tiebreak message immediately replaces queued overtime and elixir announcements
  ---
  duration_ms: 0.93954
  type: 'test'
  ...
# Subtest: tiebreak announcement survives pauses until resolution and resets for another match
ok 284 - tiebreak announcement survives pauses until resolution and resets for another match
  ---
  duration_ms: 0.141921
  type: 'test'
  ...
# Subtest: native timer shows tiebreak label without an elixir regeneration badge
ok 285 - native timer shows tiebreak label without an elixir regeneration badge
  ---
  duration_ms: 0.219607
  type: 'test'
  ...
# Subtest: decisive overtime expiry starts one visible phase before granting the result
ok 286 - decisive overtime expiry starts one visible phase before granting the result
  ---
  duration_ms: 9.431165
  type: 'test'
  ...
# Subtest: freezing the board removes queued ally previews and stops interpolation at current positions
ok 287 - freezing the board removes queued ally previews and stops interpolation at current positions
  ---
  duration_ms: 3.155222
  type: 'test'
  ...
# Subtest: drain subtracts equal absolute HP, freezes combat and rejects every seat deployment
ok 288 - drain subtracts equal absolute HP, freezes combat and rejects every seat deployment
  ---
  duration_ms: 3.54984
  type: 'test'
  ...
# Subtest: lowest surviving raw HP determines the drain winner and awards one crown once
ok 289 - lowest surviving raw HP determines the drain winner and awards one crown once
  ---
  duration_ms: 5.234181
  type: 'test'
  ...
# Subtest: a lowest King tower awards three crowns and keeps the tiebreak result reason
ok 290 - a lowest King tower awards three crowns and keeps the tiebreak result reason
  ---
  duration_ms: 1.71833
  type: 'test'
  ...
# Subtest: already destroyed towers are excluded and near-equal surviving minima remain draws
ok 291 - already destroyed towers are excluded and near-equal surviving minima remain draws
  ---
  duration_ms: 1.334509
  type: 'test'
  ...
# Subtest: pausing the drain freezes health and elapsed time; headless stepping has the same outcome
ok 292 - pausing the drain freezes health and elapsed time; headless stepping has the same outcome
  ---
  duration_ms: 3.238387
  type: 'test'
  ...
# Subtest: troops still deploying at expiry cannot appear or increase terminal board rewards during drain
ok 293 - troops still deploying at expiry cannot appear or increase terminal board rewards during drain
  ---
  duration_ms: 2.356051
  type: 'test'
  ...
# Subtest: boat battles preserve their own timeout without a crown-tower tiebreak phase
ok 294 - boat battles preserve their own timeout without a crown-tower tiebreak phase
  ---
  duration_ms: 1.920532
  type: 'test'
  ...
# Subtest: new replay records reproduce the drain while older records preserve their immediate result
ok 295 - new replay records reproduce the drain while older records preserve their immediate result
  ---
  duration_ms: 394.147043
  type: 'test'
  ...
# Subtest: replay validation rejects unknown engines and malformed tiebreak rules
ok 296 - replay validation rejects unknown engines and malformed tiebreak rules
  ---
  duration_ms: 1.701896
  type: 'test'
  ...
1..296
# tests 296
# suites 0
# pass 296
# fail 0
# cancelled 0
# skipped 0
# todo 0
# duration_ms 9430.324001
