TAP version 13
# Subtest: arena grid is 18 by 32 and tile centers round-trip
ok 1 - arena grid is 18 by 32 and tile centers round-trip
  ---
  duration_ms: 1.598522
  type: 'test'
  ...
# Subtest: river rejects ground while bridge cells remain passable
ok 2 - river rejects ground while bridge cells remain passable
  ---
  duration_ms: 0.345488
  type: 'test'
  ...
# Subtest: tower footprint cells are blocked
ok 3 - tower footprint cells are blocked
  ---
  duration_ms: 0.102276
  type: 'test'
  ...
# Subtest: destroyed princess tower extends only its lane
ok 4 - destroyed princess tower extends only its lane
  ---
  duration_ms: 0.281723
  type: 'test'
  ...
# Subtest: place anywhere bypasses team zone but not immutable terrain
ok 5 - place anywhere bypasses team zone but not immutable terrain
  ---
  duration_ms: 0.136357
  type: 'test'
  ...
# Subtest: card art module provides the store factory
ok 6 - card art module provides the store factory
  ---
  duration_ms: 2.99335
  type: 'test'
  ...
# Subtest: bundled real-image data takes priority and needs no HTTP
ok 7 - bundled real-image data takes priority and needs no HTTP
  ---
  duration_ms: 6.124924
  type: 'test'
  ...
# Subtest: downloaded images are cached by revision and reused offline
ok 8 - downloaded images are cached by revision and reused offline
  ---
  duration_ms: 0.331886
  type: 'test'
  ...
# Subtest: broken cached PNG is discarded and re-downloaded
ok 9 - broken cached PNG is discarded and re-downloaded
  ---
  duration_ms: 3.34755
  type: 'test'
  ...
# Subtest: blocked localStorage does not prevent downloaded art
ok 10 - blocked localStorage does not prevent downloaded art
  ---
  duration_ms: 0.40623
  type: 'test'
  ...
# Subtest: duplicate requests share one download and one decoded image
ok 11 - duplicate requests share one download and one decoded image
  ---
  duration_ms: 10.985665
  type: 'test'
  ...
# Subtest: an unavailable source is exposed as error and can be retried
ok 12 - an unavailable source is exposed as error and can be retried
  ---
  duration_ms: 0.819716
  type: 'test'
  ...
# Subtest: retry leaves already-ready images alone
ok 13 - retry leaves already-ready images alone
  ---
  duration_ms: 0.838038
  type: 'test'
  ...
# Subtest: failed network/decode does not cache unusable images
ok 14 - failed network/decode does not cache unusable images
  ---
  duration_ms: 1.511644
  type: 'test'
  ...
# Subtest: state notifications allow existing canvases to redraw after loading
ok 15 - state notifications allow existing canvases to redraw after loading
  ---
  duration_ms: 1.946088
  type: 'test'
  ...
# Subtest: unknown IDs cannot trigger an arbitrary fetch
ok 16 - unknown IDs cannot trigger an arbitrary fetch
  ---
  duration_ms: 0.553113
  type: 'test'
  ...
# Subtest: fitting artwork preserves its source aspect ratio
ok 17 - fitting artwork preserves its source aspect ratio
  ---
  duration_ms: 0.478873
  type: 'test'
  ...
# Subtest: local manifest maps every source card to an original PNG with no network dependency
ok 18 - local manifest maps every source card to an original PNG with no network dependency
  ---
  duration_ms: 75.138079
  type: 'test'
  ...
# Subtest: source traversal includes secondary, death, projectile, area, and attached entities
ok 19 - source traversal includes secondary, death, projectile, area, and attached entities
  ---
  duration_ms: 2.341353
  type: 'test'
  ...
# Subtest: AngryBarbarian follows legal movement across both lanes in both directions
ok 20 - AngryBarbarian follows legal movement across both lanes in both directions
  ---
  duration_ms: 82.79079
  type: 'test'
  ...
# Subtest: Archer follows legal movement across both lanes in both directions
ok 21 - Archer follows legal movement across both lanes in both directions
  ---
  duration_ms: 28.59449
  type: 'test'
  ...
# Subtest: Assassin follows legal movement across both lanes in both directions
ok 22 - Assassin follows legal movement across both lanes in both directions
  ---
  duration_ms: 30.331383
  type: 'test'
  ...
# Subtest: AxeMan follows legal movement across both lanes in both directions
ok 23 - AxeMan follows legal movement across both lanes in both directions
  ---
  duration_ms: 28.28605
  type: 'test'
  ...
# Subtest: BabyDragon follows legal movement across both lanes in both directions
ok 24 - BabyDragon follows legal movement across both lanes in both directions
  ---
  duration_ms: 7.26239
  type: 'test'
  ...
# Subtest: Balloon follows legal movement across both lanes in both directions
ok 25 - Balloon follows legal movement across both lanes in both directions
  ---
  duration_ms: 7.875579
  type: 'test'
  ...
# Subtest: Barbarian follows legal movement across both lanes in both directions
ok 26 - Barbarian follows legal movement across both lanes in both directions
  ---
  duration_ms: 30.381657
  type: 'test'
  ...
# Subtest: Bat follows legal movement across both lanes in both directions
ok 27 - Bat follows legal movement across both lanes in both directions
  ---
  duration_ms: 4.192275
  type: 'test'
  ...
# Subtest: BattleHealer follows legal movement across both lanes in both directions
ok 28 - BattleHealer follows legal movement across both lanes in both directions
  ---
  duration_ms: 12.037053
  type: 'test'
  ...
# Subtest: BattleRam follows legal movement across both lanes in both directions
ok 29 - BattleRam follows legal movement across both lanes in both directions
  ---
  duration_ms: 14.933569
  type: 'test'
  ...
# Subtest: BlowdartGoblin follows legal movement across both lanes in both directions
ok 30 - BlowdartGoblin follows legal movement across both lanes in both directions
  ---
  duration_ms: 22.398566
  type: 'test'
  ...
# Subtest: Bomber follows legal movement across both lanes in both directions
ok 31 - Bomber follows legal movement across both lanes in both directions
  ---
  duration_ms: 20.417295
  type: 'test'
  ...
# Subtest: Bowler follows legal movement across both lanes in both directions
ok 32 - Bowler follows legal movement across both lanes in both directions
  ---
  duration_ms: 65.588034
  type: 'test'
  ...
# Subtest: DarkPrince follows legal movement across both lanes in both directions
ok 33 - DarkPrince follows legal movement across both lanes in both directions
  ---
  duration_ms: 16.087416
  type: 'test'
  ...
# Subtest: DarkWitch follows legal movement across both lanes in both directions
ok 34 - DarkWitch follows legal movement across both lanes in both directions
  ---
  duration_ms: 27.393504
  type: 'test'
  ...
# Subtest: DartBarrell follows legal movement across both lanes in both directions
ok 35 - DartBarrell follows legal movement across both lanes in both directions
  ---
  duration_ms: 6.685376
  type: 'test'
  ...
# Subtest: DeliveryRecruit follows legal movement across both lanes in both directions
ok 36 - DeliveryRecruit follows legal movement across both lanes in both directions
  ---
  duration_ms: 18.740829
  type: 'test'
  ...
# Subtest: ElectroDragon follows legal movement across both lanes in both directions
ok 37 - ElectroDragon follows legal movement across both lanes in both directions
  ---
  duration_ms: 3.798005
  type: 'test'
  ...
# Subtest: ElectroGiant follows legal movement across both lanes in both directions
ok 38 - ElectroGiant follows legal movement across both lanes in both directions
  ---
  duration_ms: 82.592146
  type: 'test'
  ...
# Subtest: ElectroSpirit follows legal movement across both lanes in both directions
ok 39 - ElectroSpirit follows legal movement across both lanes in both directions
  ---
  duration_ms: 25.540083
  type: 'test'
  ...
# Subtest: ElectroWizard follows legal movement across both lanes in both directions
ok 40 - ElectroWizard follows legal movement across both lanes in both directions
  ---
  duration_ms: 13.262999
  type: 'test'
  ...
# Subtest: EliteArcher follows legal movement across both lanes in both directions
ok 41 - EliteArcher follows legal movement across both lanes in both directions
  ---
  duration_ms: 13.413314
  type: 'test'
  ...
# Subtest: ElixirGolem1 follows legal movement across both lanes in both directions
ok 42 - ElixirGolem1 follows legal movement across both lanes in both directions
  ---
  duration_ms: 27.059286
  type: 'test'
  ...
# Subtest: ElixirGolem2 follows legal movement across both lanes in both directions
ok 43 - ElixirGolem2 follows legal movement across both lanes in both directions
  ---
  duration_ms: 14.251316
  type: 'test'
  ...
# Subtest: ElixirGolem4 follows legal movement across both lanes in both directions
ok 44 - ElixirGolem4 follows legal movement across both lanes in both directions
  ---
  duration_ms: 18.791022
  type: 'test'
  ...
# Subtest: Firecracker follows legal movement across both lanes in both directions
ok 45 - Firecracker follows legal movement across both lanes in both directions
  ---
  duration_ms: 19.953535
  type: 'test'
  ...
# Subtest: FireSpirits follows legal movement across both lanes in both directions
ok 46 - FireSpirits follows legal movement across both lanes in both directions
  ---
  duration_ms: 13.176385
  type: 'test'
  ...
# Subtest: Fisherman follows legal movement across both lanes in both directions
ok 47 - Fisherman follows legal movement across both lanes in both directions
  ---
  duration_ms: 20.781057
  type: 'test'
  ...
# Subtest: Ghost follows legal movement across both lanes in both directions
ok 48 - Ghost follows legal movement across both lanes in both directions
  ---
  duration_ms: 5.132999
  type: 'test'
  ...
# Subtest: Giant follows legal movement across both lanes in both directions
ok 49 - Giant follows legal movement across both lanes in both directions
  ---
  duration_ms: 86.294689
  type: 'test'
  ...
# Subtest: GiantSkeleton follows legal movement across both lanes in both directions
ok 50 - GiantSkeleton follows legal movement across both lanes in both directions
  ---
  duration_ms: 47.497374
  type: 'test'
  ...
# Subtest: Goblin follows legal movement across both lanes in both directions
ok 51 - Goblin follows legal movement across both lanes in both directions
  ---
  duration_ms: 13.072945
  type: 'test'
  ...
# Subtest: GoblinBrawler follows legal movement across both lanes in both directions
ok 52 - GoblinBrawler follows legal movement across both lanes in both directions
  ---
  duration_ms: 21.091552
  type: 'test'
  ...
# Subtest: GoblinGiant follows legal movement across both lanes in both directions
ok 53 - GoblinGiant follows legal movement across both lanes in both directions
  ---
  duration_ms: 20.552249
  type: 'test'
  ...
# Subtest: Golem follows legal movement across both lanes in both directions
ok 54 - Golem follows legal movement across both lanes in both directions
  ---
  duration_ms: 92.435139
  type: 'test'
  ...
# Subtest: Golemite follows legal movement across both lanes in both directions
ok 55 - Golemite follows legal movement across both lanes in both directions
  ---
  duration_ms: 15.917836
  type: 'test'
  ...
# Subtest: HealSpirit follows legal movement across both lanes in both directions
ok 56 - HealSpirit follows legal movement across both lanes in both directions
  ---
  duration_ms: 13.95362
  type: 'test'
  ...
# Subtest: HogRider follows legal movement across both lanes in both directions
ok 57 - HogRider follows legal movement across both lanes in both directions
  ---
  duration_ms: 8.127918
  type: 'test'
  ...
# Subtest: Hunter follows legal movement across both lanes in both directions
ok 58 - Hunter follows legal movement across both lanes in both directions
  ---
  duration_ms: 25.08778
  type: 'test'
  ...
# Subtest: IceGolemite follows legal movement across both lanes in both directions
ok 59 - IceGolemite follows legal movement across both lanes in both directions
  ---
  duration_ms: 30.903887
  type: 'test'
  ...
# Subtest: IceSpirits follows legal movement across both lanes in both directions
ok 60 - IceSpirits follows legal movement across both lanes in both directions
  ---
  duration_ms: 24.395661
  type: 'test'
  ...
# Subtest: IceWizard follows legal movement across both lanes in both directions
ok 61 - IceWizard follows legal movement across both lanes in both directions
  ---
  duration_ms: 19.80466
  type: 'test'
  ...
# Subtest: InfernoDragon follows legal movement across both lanes in both directions
ok 62 - InfernoDragon follows legal movement across both lanes in both directions
  ---
  duration_ms: 6.551172
  type: 'test'
  ...
# Subtest: Knight follows legal movement across both lanes in both directions
ok 63 - Knight follows legal movement across both lanes in both directions
  ---
  duration_ms: 24.930677
  type: 'test'
  ...
# Subtest: LavaHound follows legal movement across both lanes in both directions
ok 64 - LavaHound follows legal movement across both lanes in both directions
  ---
  duration_ms: 4.611096
  type: 'test'
  ...
# Subtest: LavaPups follows legal movement across both lanes in both directions
ok 65 - LavaPups follows legal movement across both lanes in both directions
  ---
  duration_ms: 5.245187
  type: 'test'
  ...
# Subtest: MegaKnight follows legal movement across both lanes in both directions
ok 66 - MegaKnight follows legal movement across both lanes in both directions
  ---
  duration_ms: 18.803902
  type: 'test'
  ...
# Subtest: MegaMinion follows legal movement across both lanes in both directions
ok 67 - MegaMinion follows legal movement across both lanes in both directions
  ---
  duration_ms: 8.488828
  type: 'test'
  ...
# Subtest: Miner follows legal movement across both lanes in both directions
ok 68 - Miner follows legal movement across both lanes in both directions
  ---
  duration_ms: 23.95152
  type: 'test'
  ...
# Subtest: Minion follows legal movement across both lanes in both directions
ok 69 - Minion follows legal movement across both lanes in both directions
  ---
  duration_ms: 2.797242
  type: 'test'
  ...
# Subtest: MiniPekka follows legal movement across both lanes in both directions
ok 70 - MiniPekka follows legal movement across both lanes in both directions
  ---
  duration_ms: 17.469907
  type: 'test'
  ...
# Subtest: MiniZapMachine follows legal movement across both lanes in both directions
ok 71 - MiniZapMachine follows legal movement across both lanes in both directions
  ---
  duration_ms: 12.361174
  type: 'test'
  ...
# Subtest: MovingCannon follows legal movement across both lanes in both directions
ok 72 - MovingCannon follows legal movement across both lanes in both directions
  ---
  duration_ms: 14.283942
  type: 'test'
  ...
# Subtest: Musketeer follows legal movement across both lanes in both directions
ok 73 - Musketeer follows legal movement across both lanes in both directions
  ---
  duration_ms: 15.008396
  type: 'test'
  ...
# Subtest: Pekka follows legal movement across both lanes in both directions
ok 74 - Pekka follows legal movement across both lanes in both directions
  ---
  duration_ms: 53.840194
  type: 'test'
  ...
# Subtest: Prince follows legal movement across both lanes in both directions
ok 75 - Prince follows legal movement across both lanes in both directions
  ---
  duration_ms: 11.643631
  type: 'test'
  ...
# Subtest: Princess follows legal movement across both lanes in both directions
ok 76 - Princess follows legal movement across both lanes in both directions
  ---
  duration_ms: 9.325183
  type: 'test'
  ...
# Subtest: RageBarbarian follows legal movement across both lanes in both directions
ok 77 - RageBarbarian follows legal movement across both lanes in both directions
  ---
  duration_ms: 9.131073
  type: 'test'
  ...
# Subtest: Ram follows legal movement across both lanes in both directions
ok 78 - Ram follows legal movement across both lanes in both directions
  ---
  duration_ms: 3.471343
  type: 'test'
  ...
# Subtest: RascalBoy follows legal movement across both lanes in both directions
ok 79 - RascalBoy follows legal movement across both lanes in both directions
  ---
  duration_ms: 11.682535
  type: 'test'
  ...
# Subtest: RascalGirl follows legal movement across both lanes in both directions
ok 80 - RascalGirl follows legal movement across both lanes in both directions
  ---
  duration_ms: 16.377801
  type: 'test'
  ...
# Subtest: Recruit follows legal movement across both lanes in both directions
ok 81 - Recruit follows legal movement across both lanes in both directions
  ---
  duration_ms: 16.908875
  type: 'test'
  ...
# Subtest: RoyalGiant follows legal movement across both lanes in both directions
ok 82 - RoyalGiant follows legal movement across both lanes in both directions
  ---
  duration_ms: 38.923108
  type: 'test'
  ...
# Subtest: RoyalHog follows legal movement across both lanes in both directions
ok 83 - RoyalHog follows legal movement across both lanes in both directions
  ---
  duration_ms: 3.28044
  type: 'test'
  ...
# Subtest: Skeleton follows legal movement across both lanes in both directions
ok 84 - Skeleton follows legal movement across both lanes in both directions
  ---
  duration_ms: 12.47386
  type: 'test'
  ...
# Subtest: SkeletonBalloon follows legal movement across both lanes in both directions
ok 85 - SkeletonBalloon follows legal movement across both lanes in both directions
  ---
  duration_ms: 4.054228
  type: 'test'
  ...
# Subtest: SkeletonDragon follows legal movement across both lanes in both directions
ok 86 - SkeletonDragon follows legal movement across both lanes in both directions
  ---
  duration_ms: 5.449248
  type: 'test'
  ...
# Subtest: SkeletonWarrior follows legal movement across both lanes in both directions
ok 87 - SkeletonWarrior follows legal movement across both lanes in both directions
  ---
  duration_ms: 15.634552
  type: 'test'
  ...
# Subtest: SpearGoblin follows legal movement across both lanes in both directions
ok 88 - SpearGoblin follows legal movement across both lanes in both directions
  ---
  duration_ms: 7.977337
  type: 'test'
  ...
# Subtest: ThreeMusketeer follows legal movement across both lanes in both directions
ok 89 - ThreeMusketeer follows legal movement across both lanes in both directions
  ---
  duration_ms: 15.424841
  type: 'test'
  ...
# Subtest: Valkyrie follows legal movement across both lanes in both directions
ok 90 - Valkyrie follows legal movement across both lanes in both directions
  ---
  duration_ms: 25.792324
  type: 'test'
  ...
# Subtest: VoodooHog follows legal movement across both lanes in both directions
ok 91 - VoodooHog follows legal movement across both lanes in both directions
  ---
  duration_ms: 3.195296
  type: 'test'
  ...
# Subtest: Wallbreaker follows legal movement across both lanes in both directions
ok 92 - Wallbreaker follows legal movement across both lanes in both directions
  ---
  duration_ms: 14.838986
  type: 'test'
  ...
# Subtest: Witch follows legal movement across both lanes in both directions
ok 93 - Witch follows legal movement across both lanes in both directions
  ---
  duration_ms: 18.118116
  type: 'test'
  ...
# Subtest: WitchMother follows legal movement across both lanes in both directions
ok 94 - WitchMother follows legal movement across both lanes in both directions
  ---
  duration_ms: 10.959938
  type: 'test'
  ...
# Subtest: Wizard follows legal movement across both lanes in both directions
ok 95 - Wizard follows legal movement across both lanes in both directions
  ---
  duration_ms: 10.995568
  type: 'test'
  ...
# Subtest: ZapMachine follows legal movement across both lanes in both directions
ok 96 - ZapMachine follows legal movement across both lanes in both directions
  ---
  duration_ms: 17.626271
  type: 'test'
  ...
# Subtest: navigation and execution agree on whole-body arena boundaries
ok 97 - navigation and execution agree on whole-body arena boundaries
  ---
  duration_ms: 0.298
  type: 'test'
  ...
# Subtest: planner cannot smooth a route across a narrow river-bank corner collision
ok 98 - planner cannot smooth a route across a narrow river-bank corner collision
  ---
  duration_ms: 1.619845
  type: 'test'
  ...
# Subtest: source movement speed is preserved for every independent mobile entity
ok 99 - source movement speed is preserved for every independent mobile entity
  ---
  duration_ms: 94.778456
  type: 'test'
  ...
# Subtest: radius-one troops reach real enemy tower range from oblique approaches
ok 100 - radius-one troops reach real enemy tower range from oblique approaches
  ---
  duration_ms: 65.190998
  type: 'test'
  ...
# Subtest: deterministic angled routes keep planned and executed segment clearance consistent
ok 101 - deterministic angled routes keep planned and executed segment clearance consistent
  ---
  duration_ms: 576.841648
  type: 'test'
  ...
# Subtest: large knockbacks cannot tunnel across the river or live buildings
ok 102 - large knockbacks cannot tunnel across the river or live buildings
  ---
  duration_ms: 7.964693
  type: 'test'
  ...
# Subtest: air, hover, and jump families preserve their source water permissions
ok 103 - air, hover, and jump families preserve their source water permissions
  ---
  duration_ms: 12.197992
  type: 'test'
  ...
# Subtest: hover and jumping ground units still detour around solid buildings
ok 104 - hover and jumping ground units still detour around solid buildings
  ---
  duration_ms: 25.556804
  type: 'test'
  ...
# Subtest: a crowd of mixed source masses can follow a heavy unit over either bridge
ok 105 - a crowd of mixed source masses can follow a heavy unit over either bridge
  ---
  duration_ms: 1473.99873
  type: 'test'
  ...
# Subtest: ground death-spawn families remain legal and mobile when their parent dies on a bridge
ok 106 - ground death-spawn families remain legal and mobile when their parent dies on a bridge
  ---
  duration_ms: 56.329116
  type: 'test'
  ...
# Subtest: chest reveals summarize actual rewards without changing the supplied receipt
ok 107 - chest reveals summarize actual rewards without changing the supplied receipt
  ---
  duration_ms: 2.84379
  type: 'test'
  ...
# Subtest: opening and legendary reveal timing comes from original frame labels
ok 108 - opening and legendary reveal timing comes from original frame labels
  ---
  duration_ms: 0.456248
  type: 'test'
  ...
# Subtest: closing or skipping an opening cannot grant or claim a chest twice
ok 109 - closing or skipping an opening cannot grant or claim a chest twice
  ---
  duration_ms: 15.373571
  type: 'test'
  ...
# Subtest: every supported chest uses an existing original opening export
ok 110 - every supported chest uses an existing original opening export
  ---
  duration_ms: 1.027259
  type: 'test'
  ...
# Subtest: viewport contract exists
ok 111 - viewport contract exists
  ---
  duration_ms: 3.05759
  type: 'test'
  ...
# Subtest: 9:16 centered contain at 1920x1080
ok 112 - 9:16 centered contain at 1920x1080
  ---
  duration_ms: 0.436151
  type: 'test'
  ...
# Subtest: 9:16 centered contain at 1280x720
ok 113 - 9:16 centered contain at 1280x720
  ---
  duration_ms: 0.190365
  type: 'test'
  ...
# Subtest: 9:16 centered contain at 3440x1440
ok 114 - 9:16 centered contain at 3440x1440
  ---
  duration_ms: 0.13277
  type: 'test'
  ...
# Subtest: 9:16 centered contain at 768x1024
ok 115 - 9:16 centered contain at 768x1024
  ---
  duration_ms: 0.22605
  type: 'test'
  ...
# Subtest: 9:16 centered contain at 390x844
ok 116 - 9:16 centered contain at 390x844
  ---
  duration_ms: 0.112442
  type: 'test'
  ...
# Subtest: 9:16 centered contain at 540x960
ok 117 - 9:16 centered contain at 540x960
  ---
  duration_ms: 0.185068
  type: 'test'
  ...
# Subtest: 9:16 centered contain at 280x300
ok 118 - 9:16 centered contain at 280x300
  ---
  duration_ms: 0.160731
  type: 'test'
  ...
# Subtest: invalid viewport sizes are rejected
ok 119 - invalid viewport sizes are rejected
  ---
  duration_ms: 0.737864
  type: 'test'
  ...
# Subtest: coordinates exclude black bars and map center
ok 120 - coordinates exclude black bars and map center
  ---
  duration_ms: 0.801984
  type: 'test'
  ...
# Subtest: profile validates malformed saves and persists lane memory
ok 121 - profile validates malformed saves and persists lane memory
  ---
  duration_ms: 7.410404
  type: 'test'
  ...
# Subtest: 102 cards, unique eight-card deck, four-card hand and four-card queue
ok 122 - 102 cards, unique eight-card deck, four-card hand and four-card queue
  ---
  duration_ms: 8.498751
  type: 'test'
  ...
# Subtest: uses source starting elixir, spends once, cycles played card to queue tail
ok 123 - uses source starting elixir, spends once, cycles played card to queue tail
  ---
  duration_ms: 6.156231
  type: 'test'
  ...
# Subtest: deployment rejects enemy half, tower footprints, NaN and invalid hand slot
ok 124 - deployment rejects enemy half, tower footprints, NaN and invalid hand slot
  ---
  duration_ms: 2.84103
  type: 'test'
  ...
# Subtest: insufficient elixir never cycles or deploys
ok 125 - insufficient elixir never cycles or deploys
  ---
  duration_ms: 2.594872
  type: 'test'
  ...
# Subtest: archers spawn as a pair
ok 126 - archers spawn as a pair
  ---
  duration_ms: 3.048482
  type: 'test'
  ...
# Subtest: spells can hit enemy territory and deal reduced tower damage
ok 127 - spells can hit enemy territory and deal reduced tower damage
  ---
  duration_ms: 28.480674
  type: 'test'
  ...
# Subtest: elixir regenerates at normal and double rates, capped at ten
ok 128 - elixir regenerates at normal and double rates, capped at ten
  ---
  duration_ms: 67.791517
  type: 'test'
  ...
# Subtest: pause freezes rules and deployment
ok 129 - pause freezes rules and deployment
  ---
  duration_ms: 2.920354
  type: 'test'
  ...
# Subtest: king destruction yields three crowns and one final result
ok 130 - king destruction yields three crowns and one final result
  ---
  duration_ms: 3.463715
  type: 'test'
  ...
# Subtest: regulation crown lead wins; ties enter overtime
ok 131 - regulation crown lead wins; ties enter overtime
  ---
  duration_ms: 8.850593
  type: 'test'
  ...
# Subtest: overtime next crown ends the match
ok 132 - overtime next crown ends the match
  ---
  duration_ms: 3.030712
  type: 'test'
  ...
# Subtest: equal tiebreak towers create a draw
ok 133 - equal tiebreak towers create a draw
  ---
  duration_ms: 1.794607
  type: 'test'
  ...
# Subtest: troops path through a bridge rather than the river
ok 134 - troops path through a bridge rather than the river
  ---
  duration_ms: 141.234927
  type: 'test'
  ...
# Subtest: practice opponent plays using real elixir and hand
ok 135 - practice opponent plays using real elixir and hand
  ---
  duration_ms: 65.158254
  type: 'test'
  ...
# Subtest: result updates profile once, history is bounded and losses clamp trophies
ok 136 - result updates profile once, history is bounded and losses clamp trophies
  ---
  duration_ms: 4.327694
  type: 'test'
  ...
# Subtest: bounded step rejects negative or nonfinite time
ok 137 - bounded step rejects negative or nonfinite time
  ---
  duration_ms: 1.897318
  type: 'test'
  ...
# Subtest: king artwork and health fit below HUD and above hand
ok 138 - king artwork and health fit below HUD and above hand
  ---
  duration_ms: 1.236724
  type: 'test'
  ...
# Subtest: repeated result processing cannot duplicate rewards
ok 139 - repeated result processing cannot duplicate rewards
  ---
  duration_ms: 14.463022
  type: 'test'
  ...
# Subtest: history sanitization cannot inject markup or nonnumeric crowns
ok 140 - history sanitization cannot inject markup or nonnumeric crowns
  ---
  duration_ms: 1.218893
  type: 'test'
  ...
# Subtest: an unattended match ends naturally with a bot victory
ok 141 - an unattended match ends naturally with a bot victory
  ---
  duration_ms: 533.056852
  type: 'test'
  ...
# Subtest: local menus expose transactional economy actions
ok 142 - local menus expose transactional economy actions
  ---
  duration_ms: 1.106422
  type: 'test'
  ...
# Subtest: daily gift is granted only once per calendar day
ok 143 - daily gift is granted only once per calendar day
  ---
  duration_ms: 8.854397
  type: 'test'
  ...
# Subtest: shop never permits negative balances or duplicate daily purchases
ok 144 - shop never permits negative balances or duplicate daily purchases
  ---
  duration_ms: 17.841484
  type: 'test'
  ...
# Subtest: chest contents use real catalog IDs and do not re-grant after consumption
ok 145 - chest contents use real catalog IDs and do not re-grant after consumption
  ---
  duration_ms: 6.080903
  type: 'test'
  ...
# Subtest: chest wins are respected regardless of wall clock
ok 146 - chest wins are respected regardless of wall clock
  ---
  duration_ms: 3.675735
  type: 'test'
  ...
# Subtest: pass claim requires earned crowns and cannot repeat
ok 147 - pass claim requires earned crowns and cannot repeat
  ---
  duration_ms: 4.05533
  type: 'test'
  ...
# Subtest: invalid shop input cannot create card entries or currency
ok 148 - invalid shop input cannot create card entries or currency
  ---
  duration_ms: 7.500101
  type: 'test'
  ...
# Subtest: v130 particle sampling preserves directional data for trails
ok 149 - v130 particle sampling preserves directional data for trails
  ---
  duration_ms: 2.137547
  type: 'test'
  ...
# Subtest: v130 renderer consumes source particle shadows and trail sprites
ok 150 - v130 renderer consumes source particle shadows and trail sprites
  ---
  duration_ms: 0.377785
  type: 'test'
  ...
# Subtest: v130 start-area scatter uses an independent direction from travel
ok 151 - v130 start-area scatter uses an independent direction from travel
  ---
  duration_ms: 1.443169
  type: 'test'
  ...
# Subtest: v130 parent-relative particle angle rotates with the source
ok 152 - v130 parent-relative particle angle rotates with the source
  ---
  duration_ms: 0.337567
  type: 'test'
  ...
# Subtest: v130 angle-selected resources choose a deterministic directional sprite
ok 153 - v130 angle-selected resources choose a deterministic directional sprite
  ---
  duration_ms: 0.324363
  type: 'test'
  ...
# Subtest: v130 particle radius uses source coordinates without a tenfold expansion
ok 154 - v130 particle radius uses source coordinates without a tenfold expansion
  ---
  duration_ms: 0.190715
  type: 'test'
  ...
# Subtest: v130 relative emitter angle rotates source motion with its parent
ok 155 - v130 relative emitter angle rotates source motion with its parent
  ---
  duration_ms: 0.151613
  type: 'test'
  ...
# Subtest: v130 melee hits use source DamageEffect instead of generic slash when available
ok 156 - v130 melee hits use source DamageEffect instead of generic slash when available
  ---
  duration_ms: 102.545026
  type: 'test'
  ...
# Subtest: v130 learned action experience persists and contributes a bounded preference
ok 157 - v130 learned action experience persists and contributes a bounded preference
  ---
  duration_ms: 6.634326
  type: 'test'
  ...
# Subtest: v130 empirical experience merges across self-play packets
ok 158 - v130 empirical experience merges across self-play packets
  ---
  duration_ms: 3.694838
  type: 'test'
  ...
# Subtest: v130 experience key distinguishes visible enemy archetypes and battle phase
ok 159 - v130 experience key distinguishes visible enemy archetypes and battle phase
  ---
  duration_ms: 0.592908
  type: 'test'
  ...
# Subtest: v130 reward shaping values surviving board advantage, not only tower damage
ok 160 - v130 reward shaping values surviving board advantage, not only tower damage
  ---
  duration_ms: 0.694403
  type: 'test'
  ...
# Subtest: v130 experience memory distinguishes the specific visible threat card
ok 161 - v130 experience memory distinguishes the specific visible threat card
  ---
  duration_ms: 0.408131
  type: 'test'
  ...
# Subtest: v130 matchup memory distinguishes the visible threat while keeping a generic fallback
ok 162 - v130 matchup memory distinguishes the visible threat while keeping a generic fallback
  ---
  duration_ms: 0.555021
  type: 'test'
  ...
# Subtest: stationary Cannon Cart faces a left-hand target with one horizontal reflection
ok 163 - stationary Cannon Cart faces a left-hand target with one horizontal reflection
  ---
  duration_ms: 2.697721
  type: 'test'
  ...
# Subtest: v110: ground navigation takes a legal bridge without teleporting
ok 164 - v110: ground navigation takes a legal bridge without teleporting
  ---
  duration_ms: 69.879115
  type: 'test'
  ...
# Subtest: v110: path routes around a friendly building instead of walking through it
ok 165 - v110: path routes around a friendly building instead of walking through it
  ---
  duration_ms: 27.90442
  type: 'test'
  ...
# Subtest: v110: air navigation crosses water directly and does not choose a bridge
ok 166 - v110: air navigation crosses water directly and does not choose a bridge
  ---
  duration_ms: 4.057
  type: 'test'
  ...
# Subtest: v110: deterministic routes and opposite-team symmetry
ok 167 - v110: deterministic routes and opposite-team symmetry
  ---
  duration_ms: 33.255532
  type: 'test'
  ...
# Subtest: v110: navigation invalidates a cached route when a building is deployed
ok 168 - v110: navigation invalidates a cached route when a building is deployed
  ---
  duration_ms: 13.100491
  type: 'test'
  ...
# Subtest: v110: units just outside attack range continue moving instead of stalling
ok 169 - v110: units just outside attack range continue moving instead of stalling
  ---
  duration_ms: 2.248579
  type: 'test'
  ...
# Subtest: v110: HogRider crosses the river but still routes around buildings
ok 170 - v110: HogRider crosses the river but still routes around buildings
  ---
  duration_ms: 12.182065
  type: 'test'
  ...
# Subtest: v110: Ghost crosses the river but still routes around buildings
ok 171 - v110: Ghost crosses the river but still routes around buildings
  ---
  duration_ms: 16.569277
  type: 'test'
  ...
# Subtest: web build has a small external-script entry point instead of a 149 MB payload
ok 172 - web build has a small external-script entry point instead of a 149 MB payload
  ---
  duration_ms: 4.162476
  type: 'test'
  ...
# Subtest: web release is complete and cannot contain desktop executables, installers or fonts
ok 173 - web release is complete and cannot contain desktop executables, installers or fonts
  ---
  duration_ms: 511.413515
  type: 'test'
  ...
# Subtest: split scene metadata and images resolve to packaged files with cache-busting revisions
ok 174 - split scene metadata and images resolve to packaged files with cache-busting revisions
  ---
  duration_ms: 129.195285
  type: 'test'
  ...
# Subtest: web build bundles no remote script, remote image host, or account impersonation endpoint
ok 175 - web build bundles no remote script, remote image host, or account impersonation endpoint
  ---
  duration_ms: 88.405376
  type: 'test'
  ...
# Subtest: the web build-info dialog does not advertise the old native bundle version
ok 176 - the web build-info dialog does not advertise the old native bundle version
  ---
  duration_ms: 17.723403
  type: 'test'
  ...
# Subtest: all assets preload once with bounded concurrency, then reuse persisted bytes
ok 177 - all assets preload once with bounded concurrency, then reuse persisted bytes
  ---
  duration_ms: 54.350245
  type: 'test'
  ...
# Subtest: interrupted preload resumes validated entries and retries a transient asset
ok 178 - interrupted preload resumes validated entries and retries a transient asset
  ---
  duration_ms: 7.110243
  type: 'test'
  ...
# Subtest: login HTML or corrupt assets never enter the cache
ok 179 - login HTML or corrupt assets never enter the cache
  ---
  duration_ms: 0.957418
  type: 'test'
  ...
# Subtest: storage denial falls back to bounded HTTP preloading without blocking play
ok 180 - storage denial falls back to bounded HTTP preloading without blocking play
  ---
  duration_ms: 1.972148
  type: 'test'
  ...
# Subtest: legacy or poisoned cache metadata is evicted and repaired before an asset counts as ready
ok 181 - legacy or poisoned cache metadata is evicted and repaired before an asset counts as ready
  ---
  duration_ms: 6.334315
  type: 'test'
  ...
# Subtest: quota exhaustion after a successful cache write completes through HTTP and preserves resumable entries
ok 182 - quota exhaustion after a successful cache write completes through HTTP and preserves resumable entries
  ---
  duration_ms: 5.77775
  type: 'test'
  ...
# Subtest: preload catalog cannot fetch documents, external origins or unversioned URLs
ok 183 - preload catalog cannot fetch documents, external origins or unversioned URLs
  ---
  duration_ms: 0.797616
  type: 'test'
  ...
# Subtest: reference menus preserve the classic roster and level cap
ok 184 - reference menus preserve the classic roster and level cap
  ---
  duration_ms: 1.742487
  type: 'test'
  ...
# Subtest: deck slot swaps preserve unique cards and do not mutate stored input
ok 185 - deck slot swaps preserve unique cards and do not mutate stored input
  ---
  duration_ms: 0.909465
  type: 'test'
  ...
# Subtest: collection filters use source rarity and never invent missing cards
ok 186 - collection filters use source rarity and never invent missing cards
  ---
  duration_ms: 12.584581
  type: 'test'
  ...
# Subtest: hour shop countdown includes seconds and rolls over on the hour
ok 187 - hour shop countdown includes seconds and rolls over on the hour
  ---
  duration_ms: 0.261515
  type: 'test'
  ...
# Subtest: new menu text is escaped before HTML rendering
ok 188 - new menu text is escaped before HTML rendering
  ---
  duration_ms: 0.393188
  type: 'test'
  ...
# Subtest: classic emote purchases persist, reject duplicates and insufficient gems
ok 189 - classic emote purchases persist, reject duplicates and insufficient gems
  ---
  duration_ms: 9.578445
  type: 'test'
  ...
# Subtest: removed gem packs cannot grant currency through former entry points
ok 190 - removed gem packs cannot grant currency through former entry points
  ---
  duration_ms: 5.651942
  type: 'test'
  ...
# Subtest: clan posts retain safe typed emotes across saves and drop unsupported emotes
ok 191 - clan posts retain safe typed emotes across saves and drop unsupported emotes
  ---
  duration_ms: 1.165614
  type: 'test'
  ...
# Subtest: deck menu uses screenshot-style segmented tabs and a full-width OK tray
ok 192 - deck menu uses screenshot-style segmented tabs and a full-width OK tray
  ---
  duration_ms: 0.872802
  type: 'test'
  ...
# Subtest: screenshot chrome is not bundled as a page backdrop or phone status bar
ok 193 - screenshot chrome is not bundled as a page backdrop or phone status bar
  ---
  duration_ms: 1.803043
  type: 'test'
  ...
# Subtest: clan message import tolerates null and malformed entries without losing progress
ok 194 - clan message import tolerates null and malformed entries without losing progress
  ---
  duration_ms: 1.004459
  type: 'test'
  ...
# Subtest: clan history timestamps never display NaN for imported dates
ok 195 - clan history timestamps never display NaN for imported dates
  ---
  duration_ms: 0.197315
  type: 'test'
  ...
# Subtest: historical engine, boat adapter, data and fixtures retain the released v0.30 bytes
ok 196 - historical engine, boat adapter, data and fixtures retain the released v0.30 bytes
  ---
  duration_ms: 3.95786
  type: 'test'
  ...
# Subtest: release0.30.0 engine0.30 baby-dragon-crossing.json reproduces its stored outcome through repeated seeks
ok 197 - release0.30.0 engine0.30 baby-dragon-crossing.json reproduces its stored outcome through repeated seeks
  ---
  duration_ms: 336.068719
  type: 'test'
  ...
# Subtest: release0.30.0 engine0.30 normal.json reproduces its stored outcome through repeated seeks
ok 198 - release0.30.0 engine0.30 normal.json reproduces its stored outcome through repeated seeks
  ---
  duration_ms: 317.953732
  type: 'test'
  ...
# Subtest: release0.30.0 engine0.30 boat.json reproduces its stored outcome through repeated seeks
ok 199 - release0.30.0 engine0.30 boat.json reproduces its stored outcome through repeated seeks
  ---
  duration_ms: 341.793336
  type: 'test'
  ...
# Subtest: release0.30.0 engine0.30 tiebreak.json reproduces its stored outcome through repeated seeks
ok 200 - release0.30.0 engine0.30 tiebreak.json reproduces its stored outcome through repeated seeks
  ---
  duration_ms: 583.152082
  type: 'test'
  ...
# Subtest: engine0.30 boat playback is independent of live simulation and live boat adapter
ok 201 - engine0.30 boat playback is independent of live simulation and live boat adapter
  ---
  duration_ms: 347.272493
  type: 'test'
  ...
# Subtest: browser loading keeps current and all historical engine globals isolated
ok 202 - browser loading keeps current and all historical engine globals isolated
  ---
  duration_ms: 929.977519
  type: 'test'
  ...
# Subtest: current records use engine0.43 while unsupported engine tags remain rejected
ok 203 - current records use engine0.43 while unsupported engine tags remain rejected
  ---
  duration_ms: 11.350342
  type: 'test'
  ...
# Subtest: all102 sandbox cards expose finite Level0 and99 stats and match their spawned entity definitions
ok 204 - all102 sandbox cards expose finite Level0 and99 stats and match their spawned entity definitions
  ---
  duration_ms: 6.0785
  type: 'test'
  ...
# Subtest: Level0 real Fireball damage uses the same scale as its card stats
ok 205 - Level0 real Fireball damage uses the same scale as its card stats
  ---
  duration_ms: 14.377556
  type: 'test'
  ...
# Subtest: Level0 Poison area and direct area buffs preserve their level and damage
ok 206 - Level0 Poison area and direct area buffs preserve their level and damage
  ---
  duration_ms: 8.219252
  type: 'test'
  ...
# Subtest: Level0 Golem splits preserve child levels and power stats
ok 207 - Level0 Golem splits preserve child levels and power stats
  ---
  duration_ms: 4.609117
  type: 'test'
  ...
# Subtest: Level0 goblin-giant propagates its level through the live child-spawn chain
ok 208 - Level0 goblin-giant propagates its level through the live child-spawn chain
  ---
  duration_ms: 3.742365
  type: 'test'
  ...
# Subtest: Level0 witch propagates its level through the live child-spawn chain
ok 209 - Level0 witch propagates its level through the live child-spawn chain
  ---
  duration_ms: 35.425738
  type: 'test'
  ...
# Subtest: Level0 graveyard propagates its level through the live child-spawn chain
ok 210 - Level0 graveyard propagates its level through the live child-spawn chain
  ---
  duration_ms: 4.746588
  type: 'test'
  ...
# Subtest: Level0 goblin-barrel propagates its level through the live child-spawn chain
ok 211 - Level0 goblin-barrel propagates its level through the live child-spawn chain
  ---
  duration_ms: 7.576756
  type: 'test'
  ...
# Subtest: Level0 barbarian-barrel propagates its level through the live child-spawn chain
ok 212 - Level0 barbarian-barrel propagates its level through the live child-spawn chain
  ---
  duration_ms: 5.718241
  type: 'test'
  ...
# Subtest: Level0 royal-delivery propagates its level through the live child-spawn chain
ok 213 - Level0 royal-delivery propagates its level through the live child-spawn chain
  ---
  duration_ms: 4.850839
  type: 'test'
  ...
# Subtest: Level0 crown towers use their requested isolated definitions
ok 214 - Level0 crown towers use their requested isolated definitions
  ---
  duration_ms: 4.145997
  type: 'test'
  ...
# Subtest: Level99 real Fireball damage uses the same scale as its card stats
ok 215 - Level99 real Fireball damage uses the same scale as its card stats
  ---
  duration_ms: 3.305409
  type: 'test'
  ...
# Subtest: Level99 Poison area and direct area buffs preserve their level and damage
ok 216 - Level99 Poison area and direct area buffs preserve their level and damage
  ---
  duration_ms: 5.104837
  type: 'test'
  ...
# Subtest: Level99 Golem splits preserve child levels and power stats
ok 217 - Level99 Golem splits preserve child levels and power stats
  ---
  duration_ms: 1.907721
  type: 'test'
  ...
# Subtest: Level99 goblin-giant propagates its level through the live child-spawn chain
ok 218 - Level99 goblin-giant propagates its level through the live child-spawn chain
  ---
  duration_ms: 2.795361
  type: 'test'
  ...
# Subtest: Level99 witch propagates its level through the live child-spawn chain
ok 219 - Level99 witch propagates its level through the live child-spawn chain
  ---
  duration_ms: 29.87346
  type: 'test'
  ...
# Subtest: Level99 graveyard propagates its level through the live child-spawn chain
ok 220 - Level99 graveyard propagates its level through the live child-spawn chain
  ---
  duration_ms: 7.252156
  type: 'test'
  ...
# Subtest: Level99 goblin-barrel propagates its level through the live child-spawn chain
ok 221 - Level99 goblin-barrel propagates its level through the live child-spawn chain
  ---
  duration_ms: 7.410922
  type: 'test'
  ...
# Subtest: Level99 barbarian-barrel propagates its level through the live child-spawn chain
ok 222 - Level99 barbarian-barrel propagates its level through the live child-spawn chain
  ---
  duration_ms: 4.284112
  type: 'test'
  ...
# Subtest: Level99 royal-delivery propagates its level through the live child-spawn chain
ok 223 - Level99 royal-delivery propagates its level through the live child-spawn chain
  ---
  duration_ms: 2.945062
  type: 'test'
  ...
# Subtest: Level99 crown towers use their requested isolated definitions
ok 224 - Level99 crown towers use their requested isolated definitions
  ---
  duration_ms: 2.89752
  type: 'test'
  ...
# Subtest: Clone preserves the copied troop level while Mirror caps its bonus at99
ok 225 - Clone preserves the copied troop level while Mirror caps its bonus at99
  ---
  duration_ms: 8.953826
  type: 'test'
  ...
# Subtest: extended sandbox definitions never change normal catalog caches, saved caps, or another sandbox
ok 226 - extended sandbox definitions never change normal catalog caches, saved caps, or another sandbox
  ---
  duration_ms: 10.279778
  type: 'test'
  ...
# Subtest: every visible source card retains all raw behavior fields and rarity levels
ok 227 - every visible source card retains all raw behavior fields and rarity levels
  ---
  duration_ms: 17.447148
  type: 'test'
  ...
# Subtest: full UI skin and fixed word labels are bundled images, not downloadable fonts
ok 228 - full UI skin and fixed word labels are bundled images, not downloadable fonts
  ---
  duration_ms: 4.388083
  type: 'test'
  ...
# Subtest: Mortar cancels an unlaunched shot when its target enters the source minimum range
ok 229 - Mortar cancels an unlaunched shot when its target enters the source minimum range
  ---
  duration_ms: 17.987409
  type: 'test'
  ...
# Subtest: Mortar can reacquire a legal target and starts its full new windup
ok 230 - Mortar can reacquire a legal target and starts its full new windup
  ---
  duration_ms: 6.846969
  type: 'test'
  ...
# Subtest: minimum-range forecasting is pure, even while a real attack is pending
ok 231 - minimum-range forecasting is pure, even while a real attack is pending
  ---
  duration_ms: 2.731601
  type: 'test'
  ...
# Subtest: Mortar still acquires targets at the exact minimum-range boundary
ok 232 - Mortar still acquires targets at the exact minimum-range boundary
  ---
  duration_ms: 2.116408
  type: 'test'
  ...
# Subtest: losing a dead target clears its pending attack presentation
ok 233 - losing a dead target clears its pending attack presentation
  ---
  duration_ms: 3.283727
  type: 'test'
  ...
# Subtest: source maximum-distance grace still preserves an already-started shot
ok 234 - source maximum-distance grace still preserves an already-started shot
  ---
  duration_ms: 6.991042
  type: 'test'
  ...
# Subtest: a target beyond the source maximum-distance grace cancels and clears its pending pose immediately
ok 235 - a target beyond the source maximum-distance grace cancels and clears its pending pose immediately
  ---
  duration_ms: 4.342521
  type: 'test'
  ...
# Subtest: a canceled hit can keep the same navigation target without retaining its pending attack
ok 236 - a canceled hit can keep the same navigation target without retaining its pending attack
  ---
  duration_ms: 8.902287
  type: 'test'
  ...
# Subtest: normal team 0: a walking troop freely selects a closer valid enemy, including a 0.1-tile improvement
ok 237 - normal team 0: a walking troop freely selects a closer valid enemy, including a 0.1-tile improvement
  ---
  duration_ms: 7.720661
  type: 'test'
  ...
# Subtest: normal team 0: engaged lock survives distraction but releases on death, concealment, or lost range
ok 238 - normal team 0: engaged lock survives distraction but releases on death, concealment, or lost range
  ---
  duration_ms: 10.098948
  type: 'test'
  ...
# Subtest: normal team 0: source ground/air and buildings-only categories remain hard restrictions
ok 239 - normal team 0: source ground/air and buildings-only categories remain hard restrictions
  ---
  duration_ms: 1.383523
  type: 'test'
  ...
# Subtest: normal team 0: source sight excludes just-outside enemies and no enemy means idle
ok 240 - normal team 0: source sight excludes just-outside enemies and no enemy means idle
  ---
  duration_ms: 1.379761
  type: 'test'
  ...
# Subtest: normal team 0: an opened default lane leads toward King instead of the opposite Princess
ok 241 - normal team 0: an opened default lane leads toward King instead of the opposite Princess
  ---
  duration_ms: 6.846418
  type: 'test'
  ...
# Subtest: normal team 0: visible King acquisition is separate from same-lane Princess fallback
ok 242 - normal team 0: visible King acquisition is separate from same-lane Princess fallback
  ---
  duration_ms: 1.264931
  type: 'test'
  ...
# Subtest: normal team 0: Crown-only and King-only constraints also apply to acquisition and fallback
ok 243 - normal team 0: Crown-only and King-only constraints also apply to acquisition and fallback
  ---
  duration_ms: 2.434307
  type: 'test'
  ...
# Subtest: normal team 1: a walking troop freely selects a closer valid enemy, including a 0.1-tile improvement
ok 244 - normal team 1: a walking troop freely selects a closer valid enemy, including a 0.1-tile improvement
  ---
  duration_ms: 1.950527
  type: 'test'
  ...
# Subtest: normal team 1: engaged lock survives distraction but releases on death, concealment, or lost range
ok 245 - normal team 1: engaged lock survives distraction but releases on death, concealment, or lost range
  ---
  duration_ms: 5.314899
  type: 'test'
  ...
# Subtest: normal team 1: source ground/air and buildings-only categories remain hard restrictions
ok 246 - normal team 1: source ground/air and buildings-only categories remain hard restrictions
  ---
  duration_ms: 1.892952
  type: 'test'
  ...
# Subtest: normal team 1: source sight excludes just-outside enemies and no enemy means idle
ok 247 - normal team 1: source sight excludes just-outside enemies and no enemy means idle
  ---
  duration_ms: 2.156057
  type: 'test'
  ...
# Subtest: normal team 1: an opened default lane leads toward King instead of the opposite Princess
ok 248 - normal team 1: an opened default lane leads toward King instead of the opposite Princess
  ---
  duration_ms: 1.93655
  type: 'test'
  ...
# Subtest: normal team 1: visible King acquisition is separate from same-lane Princess fallback
ok 249 - normal team 1: visible King acquisition is separate from same-lane Princess fallback
  ---
  duration_ms: 2.176519
  type: 'test'
  ...
# Subtest: normal team 1: Crown-only and King-only constraints also apply to acquisition and fallback
ok 250 - normal team 1: Crown-only and King-only constraints also apply to acquisition and fallback
  ---
  duration_ms: 1.745054
  type: 'test'
  ...
# Subtest: sandbox team 0: a walking troop freely selects a closer valid enemy, including a 0.1-tile improvement
ok 251 - sandbox team 0: a walking troop freely selects a closer valid enemy, including a 0.1-tile improvement
  ---
  duration_ms: 3.933343
  type: 'test'
  ...
# Subtest: sandbox team 0: engaged lock survives distraction but releases on death, concealment, or lost range
ok 252 - sandbox team 0: engaged lock survives distraction but releases on death, concealment, or lost range
  ---
  duration_ms: 8.366981
  type: 'test'
  ...
# Subtest: sandbox team 0: source ground/air and buildings-only categories remain hard restrictions
ok 253 - sandbox team 0: source ground/air and buildings-only categories remain hard restrictions
  ---
  duration_ms: 2.344783
  type: 'test'
  ...
# Subtest: sandbox team 0: source sight excludes just-outside enemies and no enemy means idle
ok 254 - sandbox team 0: source sight excludes just-outside enemies and no enemy means idle
  ---
  duration_ms: 2.304826
  type: 'test'
  ...
# Subtest: sandbox team 0: an opened default lane leads toward King instead of the opposite Princess
ok 255 - sandbox team 0: an opened default lane leads toward King instead of the opposite Princess
  ---
  duration_ms: 2.107304
  type: 'test'
  ...
# Subtest: sandbox team 0: visible King acquisition is separate from same-lane Princess fallback
ok 256 - sandbox team 0: visible King acquisition is separate from same-lane Princess fallback
  ---
  duration_ms: 1.314834
  type: 'test'
  ...
# Subtest: sandbox team 0: Crown-only and King-only constraints also apply to acquisition and fallback
ok 257 - sandbox team 0: Crown-only and King-only constraints also apply to acquisition and fallback
  ---
  duration_ms: 1.785196
  type: 'test'
  ...
# Subtest: sandbox team 1: a walking troop freely selects a closer valid enemy, including a 0.1-tile improvement
ok 258 - sandbox team 1: a walking troop freely selects a closer valid enemy, including a 0.1-tile improvement
  ---
  duration_ms: 2.476941
  type: 'test'
  ...
# Subtest: sandbox team 1: engaged lock survives distraction but releases on death, concealment, or lost range
ok 259 - sandbox team 1: engaged lock survives distraction but releases on death, concealment, or lost range
  ---
  duration_ms: 4.658501
  type: 'test'
  ...
# Subtest: sandbox team 1: source ground/air and buildings-only categories remain hard restrictions
ok 260 - sandbox team 1: source ground/air and buildings-only categories remain hard restrictions
  ---
  duration_ms: 1.215342
  type: 'test'
  ...
# Subtest: sandbox team 1: source sight excludes just-outside enemies and no enemy means idle
ok 261 - sandbox team 1: source sight excludes just-outside enemies and no enemy means idle
  ---
  duration_ms: 0.833935
  type: 'test'
  ...
# Subtest: sandbox team 1: an opened default lane leads toward King instead of the opposite Princess
ok 262 - sandbox team 1: an opened default lane leads toward King instead of the opposite Princess
  ---
  duration_ms: 1.252076
  type: 'test'
  ...
# Subtest: sandbox team 1: visible King acquisition is separate from same-lane Princess fallback
ok 263 - sandbox team 1: visible King acquisition is separate from same-lane Princess fallback
  ---
  duration_ms: 0.927804
  type: 'test'
  ...
# Subtest: sandbox team 1: Crown-only and King-only constraints also apply to acquisition and fallback
ok 264 - sandbox team 1: Crown-only and King-only constraints also apply to acquisition and fallback
  ---
  duration_ms: 0.856094
  type: 'test'
  ...
# Subtest: duo King team 0: each barrel preserves its own pending target within grace and reacquires beyond it
ok 265 - duo King team 0: each barrel preserves its own pending target within grace and reacquires beyond it
  ---
  duration_ms: 1.988732
  type: 'test'
  ...
# Subtest: duo King team 1: each barrel preserves its own pending target within grace and reacquires beyond it
ok 266 - duo King team 1: each barrel preserves its own pending target within grace and reacquires beyond it
  ---
  duration_ms: 1.094385
  type: 'test'
  ...
# Subtest: Electro Wizard team 0: two closer arrivals cannot steal the locked primary bolt
ok 267 - Electro Wizard team 0: two closer arrivals cannot steal the locked primary bolt
  ---
  duration_ms: 2.420182
  type: 'test'
  ...
# Subtest: Electro Wizard team 0: secondary bolt chooses the nearer collision boundary, not the nearer center
ok 268 - Electro Wizard team 0: secondary bolt chooses the nearer collision boundary, not the nearer center
  ---
  duration_ms: 1.306287
  type: 'test'
  ...
# Subtest: Electro Wizard team 0: committed primary in source grace still receives its bolt
ok 269 - Electro Wizard team 0: committed primary in source grace still receives its bolt
  ---
  duration_ms: 1.569903
  type: 'test'
  ...
# Subtest: Electro Wizard team 0: one eligible enemy receives both bolts despite hidden or attached neighbors
ok 270 - Electro Wizard team 0: one eligible enemy receives both bolts despite hidden or attached neighbors
  ---
  duration_ms: 1.874824
  type: 'test'
  ...
# Subtest: Electro Wizard team 1: two closer arrivals cannot steal the locked primary bolt
ok 271 - Electro Wizard team 1: two closer arrivals cannot steal the locked primary bolt
  ---
  duration_ms: 2.180535
  type: 'test'
  ...
# Subtest: Electro Wizard team 1: secondary bolt chooses the nearer collision boundary, not the nearer center
ok 272 - Electro Wizard team 1: secondary bolt chooses the nearer collision boundary, not the nearer center
  ---
  duration_ms: 1.506766
  type: 'test'
  ...
# Subtest: Electro Wizard team 1: committed primary in source grace still receives its bolt
ok 273 - Electro Wizard team 1: committed primary in source grace still receives its bolt
  ---
  duration_ms: 1.217155
  type: 'test'
  ...
# Subtest: Electro Wizard team 1: one eligible enemy receives both bolts despite hidden or attached neighbors
ok 274 - Electro Wizard team 1: one eligible enemy receives both bolts despite hidden or attached neighbors
  ---
  duration_ms: 1.296269
  type: 'test'
  ...
# Subtest: decisive overtime expiry starts one visible phase before granting the result
ok 275 - decisive overtime expiry starts one visible phase before granting the result
  ---
  duration_ms: 10.248396
  type: 'test'
  ...
# Subtest: freezing the board removes queued ally previews and stops interpolation at current positions
ok 276 - freezing the board removes queued ally previews and stops interpolation at current positions
  ---
  duration_ms: 3.477268
  type: 'test'
  ...
# Subtest: drain subtracts equal absolute HP, freezes combat and rejects every seat deployment
ok 277 - drain subtracts equal absolute HP, freezes combat and rejects every seat deployment
  ---
  duration_ms: 5.580919
  type: 'test'
  ...
# Subtest: lowest surviving raw HP determines the drain winner and awards one crown once
ok 278 - lowest surviving raw HP determines the drain winner and awards one crown once
  ---
  duration_ms: 7.590851
  type: 'test'
  ...
# Subtest: a lowest King tower awards three crowns and keeps the tiebreak result reason
ok 279 - a lowest King tower awards three crowns and keeps the tiebreak result reason
  ---
  duration_ms: 1.999581
  type: 'test'
  ...
# Subtest: already destroyed towers are excluded and near-equal surviving minima remain draws
ok 280 - already destroyed towers are excluded and near-equal surviving minima remain draws
  ---
  duration_ms: 1.792348
  type: 'test'
  ...
# Subtest: pausing the drain freezes health and elapsed time; headless stepping has the same outcome
ok 281 - pausing the drain freezes health and elapsed time; headless stepping has the same outcome
  ---
  duration_ms: 4.147348
  type: 'test'
  ...
# Subtest: troops still deploying at expiry cannot appear or increase terminal board rewards during drain
ok 282 - troops still deploying at expiry cannot appear or increase terminal board rewards during drain
  ---
  duration_ms: 2.738825
  type: 'test'
  ...
# Subtest: boat battles preserve their own timeout without a crown-tower tiebreak phase
ok 283 - boat battles preserve their own timeout without a crown-tower tiebreak phase
  ---
  duration_ms: 4.229937
  type: 'test'
  ...
# Subtest: new replay records reproduce the drain while older records preserve their immediate result
ok 284 - new replay records reproduce the drain while older records preserve their immediate result
  ---
  duration_ms: 631.029756
  type: 'test'
  ...
# Subtest: replay validation rejects unknown engines and malformed tiebreak rules
ok 285 - replay validation rejects unknown engines and malformed tiebreak rules
  ---
  duration_ms: 12.019323
  type: 'test'
  ...
# Subtest: four actual concurrent 2v2 simulations finish through two packaged workers with unique learned packets
ok 286 - four actual concurrent 2v2 simulations finish through two packaged workers with unique learned packets
  ---
  duration_ms: 22822.323714
  type: 'test'
  ...
# Subtest: settings has its own scrollable content area and persistent header
ok 287 - settings has its own scrollable content area and persistent header
  ---
  duration_ms: 2.978033
  type: 'test'
  ...
# Subtest: level emblems outside the home screen are no longer polygon-clipped
ok 288 - level emblems outside the home screen are no longer polygon-clipped
  ---
  duration_ms: 0.5818
  type: 'test'
  ...
# Subtest: collection progress uses original source atlas rather than generic CSS fill
ok 289 - collection progress uses original source atlas rather than generic CSS fill
  ---
  duration_ms: 7.213499
  type: 'test'
  ...
# Subtest: training UI exposes 5000 total and active matches with high-concurrency warning
ok 290 - training UI exposes 5000 total and active matches with high-concurrency warning
  ---
  duration_ms: 0.541554
  type: 'test'
  ...
# Subtest: browser uses the real AppData adapter, not an unused implementation
ok 291 - browser uses the real AppData adapter, not an unused implementation
  ---
  duration_ms: 0.252618
  type: 'test'
  ...
# Subtest: card-count text is vertically centered in the source progress-bar fill
ok 292 - card-count text is vertically centered in the source progress-bar fill
  ---
  duration_ms: 0.477598
  type: 'test'
  ...
# Subtest: failed live-match writes remain retryable and the Learning Center still opens offline
ok 293 - failed live-match writes remain retryable and the Learning Center still opens offline
  ---
  duration_ms: 0.819283
  type: 'test'
  ...
# Subtest: a deliberate slow horizontal menu swipe still works while vertical scrolling does not switch tabs
ok 294 - a deliberate slow horizontal menu swipe still works while vertical scrolling does not switch tabs
  ---
  duration_ms: 60.981594
  type: 'test'
  ...
# Subtest: v036 untouched troops share one badge; damage moves only that troop to individual
ok 295 - v036 untouched troops share one badge; damage moves only that troop to individual
  ---
  duration_ms: 1.990673
  type: 'test'
  ...
# Subtest: v036 two surviving troops both use individual badges
ok 296 - v036 two surviving troops both use individual badges
  ---
  duration_ms: 1.682641
  type: 'test'
  ...
# Subtest: v036 shield damage counts, dead/hidden units do not, deployments stay separate
ok 297 - v036 shield damage counts, dead/hidden units do not, deployments stay separate
  ---
  duration_ms: 0.617261
  type: 'test'
  ...
# Subtest: v036 separate casts of a swarm have distinct persistent visual group IDs
ok 298 - v036 separate casts of a swarm have distinct persistent visual group IDs
  ---
  duration_ms: 23.742772
  type: 'test'
  ...
# Subtest: v036 mixed-unit card formations share a group ID without changing entity sequence
ok 299 - v036 mixed-unit card formations share a group ID without changing entity sequence
  ---
  duration_ms: 5.309837
  type: 'test'
  ...
# Subtest: Gem Chest retains its kind through saves and requires two subsequent wins
ok 300 - Gem Chest retains its kind through saves and requires two subsequent wins
  ---
  duration_ms: 37.040436
  type: 'test'
  ...
# Subtest: Gem Chest rewards cover 5–250 in increments of five, never cards or gold
ok 301 - Gem Chest rewards cover 5–250 in increments of five, never cards or gold
  ---
  duration_ms: 505.516786
  type: 'test'
  ...
# Subtest: Gem battle rolls use the same exact weight as Magical and have varied stable outcomes
ok 302 - Gem battle rolls use the same exact weight as Magical and have varied stable outcomes
  ---
  duration_ms: 38.054565
  type: 'test'
  ...
# Subtest: Daily Shop has nine stable offers and top three are always free
ok 303 - Daily Shop has nine stable offers and top three are always free
  ---
  duration_ms: 2.950941
  type: 'test'
  ...
# Subtest: Daily free rewards obey requested ranges, include endpoints and super-rare Legendary rolls
ok 304 - Daily free rewards obey requested ranges, include endpoints and super-rare Legendary rolls
  ---
  duration_ms: 3108.109307
  type: 'test'
  ...
# Subtest: Daily claims are atomic and survive JSON save normalization
ok 305 - Daily claims are atomic and survive JSON save normalization
  ---
  duration_ms: 53.850435
  type: 'test'
  ...
# Subtest: Daily paid offers debit gold once and reject insufficient funds or stale identity
ok 306 - Daily paid offers debit gold once and reject insufficient funds or stale identity
  ---
  duration_ms: 22.270504
  type: 'test'
  ...
# Subtest: v038 records have a new simulation tag for changed spawn and navigation rules
ok 307 - v038 records have a new simulation tag for changed spawn and navigation rules
  ---
  duration_ms: 15.117324
  type: 'test'
  ...
# Subtest: v038 accepts the previous engine0.32 including four-card recordings
ok 308 - v038 accepts the previous engine0.32 including four-card recordings
  ---
  duration_ms: 2.957339
  type: 'test'
  ...
# Subtest: v038 frozen v037 engine, boat adapter and fixture bytes match their original provenance
ok 309 - v038 frozen v037 engine, boat adapter and fixture bytes match their original provenance
  ---
  duration_ms: 4.891819
  type: 'test'
  ...
# Subtest: v038 historical engine0.32 goblin-barrel.json reproduces the original digest through seeks
ok 310 - v038 historical engine0.32 goblin-barrel.json reproduces the original digest through seeks
  ---
  duration_ms: 165.743673
  type: 'test'
  ...
# Subtest: v038 historical engine0.32 four-card.json reproduces the original digest through seeks
ok 311 - v038 historical engine0.32 four-card.json reproduces the original digest through seeks
  ---
  duration_ms: 6178.352839
  type: 'test'
  ...
# Subtest: v038 historical engine0.32 boat.json reproduces the original digest through seeks
ok 312 - v038 historical engine0.32 boat.json reproduces the original digest through seeks
  ---
  duration_ms: 24.161724
  type: 'test'
  ...
# Subtest: v038 frozen browser replay global does not overwrite live modules
ok 313 - v038 frozen browser replay global does not overwrite live modules
  ---
  duration_ms: 136.573979
  type: 'test'
  ...
# Subtest: Crown Level is one plus lifetime crowns divided by ten, with automatic old save migration
ok 314 - Crown Level is one plus lifetime crowns divided by ten, with automatic old save migration
  ---
  duration_ms: 38.323662
  type: 'test'
  ...
# Subtest: existing Crown Chest claims neither lower Crown Level nor consume Crown Road progress
ok 315 - existing Crown Chest claims neither lower Crown Level nor consume Crown Road progress
  ---
  duration_ms: 6.125853
  type: 'test'
  ...
# Subtest: Crown Road claims pay once, reject future claims, and preserve old inventory
ok 316 - Crown Road claims pay once, reject future claims, and preserve old inventory
  ---
  duration_ms: 13.700284
  type: 'test'
  ...
# Subtest: higher Crown Road milestones have much better gold, gems and premium rewards
ok 317 - higher Crown Road milestones have much better gold, gems and premium rewards
  ---
  duration_ms: 3.787137
  type: 'test'
  ...
# Subtest: all six earned 3v3 crowns reach lifetime and result history, duplicate results cannot repay
ok 318 - all six earned 3v3 crowns reach lifetime and result history, duplicate results cannot repay
  ---
  duration_ms: 6.287328
  type: 'test'
  ...
# Subtest: claim normalization merges ranges, discards future/invalid intervals and does not backdate rewards
ok 319 - claim normalization merges ranges, discards future/invalid intervals and does not backdate rewards
  ---
  duration_ms: 1.575809
  type: 'test'
  ...
# Subtest: 3v3 result progression exposes all six earned crowns before OK
ok 320 - 3v3 result progression exposes all six earned crowns before OK
  ---
  duration_ms: 1.79005
  type: 'test'
  ...
# Subtest: custom arenas share map geometry and cache the stationary drawing
ok 321 - custom arenas share map geometry and cache the stationary drawing
  ---
  duration_ms: 26.214529
  type: 'test'
  ...
# Subtest: local 3v3 King health is gold and readable at full and zero health
ok 322 - local 3v3 King health is gold and readable at full and zero health
  ---
  duration_ms: 2.458737
  type: 'test'
  ...
# Subtest: custom battles do not decode an unused Trophy Road arena
ok 323 - custom battles do not decode an unused Trophy Road arena
  ---
  duration_ms: 1125.036371
  type: 'test'
  ...
# Subtest: custom arena quality follows saved background policy independently of sprite texture tier
ok 324 - custom arena quality follows saved background policy independently of sprite texture tier
  ---
  duration_ms: 9.127036
  type: 'test'
  ...
# Subtest: local King HP is painted above destruction dust rather than covered by it
ok 325 - local King HP is painted above destruction dust rather than covered by it
  ---
  duration_ms: 2.216675
  type: 'test'
  ...
# Subtest: 3v3 has five minutes regulation and exact elixir phase boundaries
ok 326 - 3v3 has five minutes regulation and exact elixir phase boundaries
  ---
  duration_ms: 13.060406
  type: 'test'
  ...
# Subtest: 3v3 1.5x is actual income not only a label and destroyed Kings still stop it
ok 327 - 3v3 1.5x is actual income not only a label and destroyed Kings still stop it
  ---
  duration_ms: 8.106722
  type: 'test'
  ...
# Subtest: 20 Elixir mode starts normally but stores twenty including grants and overflow metrics
ok 328 - 20 Elixir mode starts normally but stores twenty including grants and overflow metrics
  ---
  duration_ms: 3.784218
  type: 'test'
  ...
# Subtest: Twenty Elixir AI observes public cap without seeing enemy hands or bank
ok 329 - Twenty Elixir AI observes public cap without seeing enemy hands or bank
  ---
  duration_ms: 2.229429
  type: 'test'
  ...
# Subtest: 12-card catalog validates twelve unique cards rather than truncating to eight
ok 330 - 12-card catalog validates twelve unique cards rather than truncating to eight
  ---
  duration_ms: 0.207512
  type: 'test'
  ...
# Subtest: 12-card mode has an eight-card queue and cycles all twelve cards
ok 331 - 12-card mode has an eight-card queue and cycles all twelve cards
  ---
  duration_ms: 5.753739
  type: 'test'
  ...
# Subtest: saved special decks use full catalog without mutating ownership or regular decks
ok 332 - saved special decks use full catalog without mutating ownership or regular decks
  ---
  duration_ms: 11.770088
  type: 'test'
  ...
# Subtest: One Shot restricts spells, Mortar and X-Bow for both players, including direct deck injections
ok 333 - One Shot restricts spells, Mortar and X-Bow for both players, including direct deck injections
  ---
  duration_ms: 28.57832
  type: 'test'
  ...
# Subtest: One Shot towers have one max HP and the first Princess destruction immediately wins
ok 334 - One Shot towers have one max HP and the first Princess destruction immediately wins
  ---
  duration_ms: 3.187304
  type: 'test'
  ...
# Subtest: One Shot legal troops still deploy, restricted hand injection cannot cast
ok 335 - One Shot legal troops still deploy, restricted hand injection cannot cast
  ---
  duration_ms: 1.4394
  type: 'test'
  ...
# Subtest: new modes all use their real learning factory and record learning updates
ok 336 - new modes all use their real learning factory and record learning updates
  ---
  duration_ms: 40.357763
  type: 'test'
  ...
# Subtest: new modes retain distinct learning experience contexts
ok 337 - new modes retain distinct learning experience contexts
  ---
  duration_ms: 0.277445
  type: 'test'
  ...
# Subtest: old 3v3 recordings keep 180 seconds regulation; new recordings store 300 and replay exactly
ok 338 - old 3v3 recordings keep 180 seconds regulation; new recordings store 300 and replay exactly
  ---
  duration_ms: 227.194802
  type: 'test'
  ...
# Subtest: all new mode replays retain deck sizes, restrictions and arena selection
ok 339 - all new mode replays retain deck sizes, restrictions and arena selection
  ---
  duration_ms: 68.121162
  type: 'test'
  ...
# Subtest: Every selectable casual mode has its own complete full-catalog deck
ok 340 - Every selectable casual mode has its own complete full-catalog deck
  ---
  duration_ms: 28.248728
  type: 'test'
  ...
# Subtest: Casual edits and imports do not unlock collection or alter ranked or other decks
ok 341 - Casual edits and imports do not unlock collection or alter ranked or other decks
  ---
  duration_ms: 12.309282
  type: 'test'
  ...
# Subtest: One Shot excludes Miner and Goblin Drill, including future catalog-independent banned ID
ok 342 - One Shot excludes Miner and Goblin Drill, including future catalog-independent banned ID
  ---
  duration_ms: 10.422077
  type: 'test'
  ...
# Subtest: Decks paginate by five and new pages are available beyond ten
ok 343 - Decks paginate by five and new pages are available beyond ten
  ---
  duration_ms: 8.248506
  type: 'test'
  ...
# Subtest: Deck names persist and follow a deck through deletion without reassigning cards
ok 344 - Deck names persist and follow a deck through deletion without reassigning cards
  ---
  duration_ms: 2.640973
  type: 'test'
  ...
# Subtest: Legendary battle chest has exact 0.1% weight without reducing Gem/Treasure odds
ok 345 - Legendary battle chest has exact 0.1% weight without reducing Gem/Treasure odds
  ---
  duration_ms: 0.877004
  type: 'test'
  ...
# Subtest: Wild cards books and magic coins all have real very rare receipt-keyed battle awards
ok 346 - Wild cards books and magic coins all have real very rare receipt-keyed battle awards
  ---
  duration_ms: 89.59069
  type: 'test'
  ...
# Subtest: Battle items credit once, persist, and pay with full chest slots but never in practice or on loss
ok 347 - Battle items credit once, persist, and pay with full chest slots but never in practice or on loss
  ---
  duration_ms: 65.277595
  type: 'test'
  ...
# Subtest: Trophy Road adds new independently claimable books, coins, and wild milestones without removing old claims
ok 348 - Trophy Road adds new independently claimable books, coins, and wild milestones without removing old claims
  ---
  duration_ms: 39.359335
  type: 'test'
  ...
# Subtest: Crown Road increases book/coin frequency and preserves old claims
ok 349 - Crown Road increases book/coin frequency and preserves old claims
  ---
  duration_ms: 4.832546
  type: 'test'
  ...
# Subtest: A rare battle Legendary chest never opens empty before the first Legendary arena
ok 350 - A rare battle Legendary chest never opens empty before the first Legendary arena
  ---
  duration_ms: 2.369208
  type: 'test'
  ...
# Subtest: v0441 Rumble kings are pushed deeper into enlarged castle ends with safe rear clearance
ok 351 - v0441 Rumble kings are pushed deeper into enlarged castle ends with safe rear clearance
  ---
  duration_ms: 20.521905
  type: 'test'
  ...
# Subtest: v0441 custom king health presentation uses a detached safe label above the tower art
ok 352 - v0441 custom king health presentation uses a detached safe label above the tower art
  ---
  duration_ms: 0.557257
  type: 'test'
  ...
# Subtest: v0441 custom arena source contains rear-courtyard detail layers for 3v3 and 5v5
ok 353 - v0441 custom arena source contains rear-courtyard detail layers for 3v3 and 5v5
  ---
  duration_ms: 0.397681
  type: 'test'
  ...
# Subtest: v045 historical FFA replays preserve four-team state through frozen engine
ok 354 - v045 historical FFA replays preserve four-team state through frozen engine
  ---
  duration_ms: 23.227301
  type: 'test'
  ...
# Subtest: v045 historical 3v3 touchdown replay validates six seats
ok 355 - v045 historical 3v3 touchdown replay validates six seats
  ---
  duration_ms: 12.787986
  type: 'test'
  ...
# Subtest: v045 historical 0.44 Rumble replays use the frozen v044 engine
ok 356 - v045 historical 0.44 Rumble replays use the frozen v044 engine
  ---
  duration_ms: 88.257223
  type: 'test'
  ...
# Subtest: v045 historical 0.44 cannot claim support for Touchdown
ok 357 - v045 historical 0.44 cannot claim support for Touchdown
  ---
  duration_ms: 7.61441
  type: 'test'
  ...
# Subtest: v047 shop scaling helper uses 2.5 percent per king level and clean rarity rounding
ok 358 - v047 shop scaling helper uses 2.5 percent per king level and clean rarity rounding
  ---
  duration_ms: 1.729743
  type: 'test'
  ...
# Subtest: v047 Daily paid offers use much higher king-scaled card quantities without changing prices
ok 359 - v047 Daily paid offers use much higher king-scaled card quantities without changing prices
  ---
  duration_ms: 18.799421
  type: 'test'
  ...
# Subtest: v047 timed and gem shops also scale card quantities by king level
ok 360 - v047 timed and gem shops also scale card quantities by king level
  ---
  duration_ms: 18.578776
  type: 'test'
  ...
# Subtest: v047 custom deck editor is a full shared Royale deck screen rather than modal builder
ok 361 - v047 custom deck editor is a full shared Royale deck screen rather than modal builder
  ---
  duration_ms: 1.61699
  type: 'test'
  ...
# Subtest: v047 each custom environment has distinct structural scenery and floor logic
ok 362 - v047 each custom environment has distinct structural scenery and floor logic
  ---
  duration_ms: 0.696264
  type: 'test'
  ...
# Subtest: v047 displayed shop quantity is part of the purchase receipt and stale king-scaled offers are rejected
ok 363 - v047 displayed shop quantity is part of the purchase receipt and stale king-scaled offers are rejected
  ---
  duration_ms: 49.285982
  type: 'test'
  ...
# Subtest: v130 always-ten-elixir cheat normalizes and never spends player elixir
ok 364 - v130 always-ten-elixir cheat normalizes and never spends player elixir
  ---
  duration_ms: 102.530455
  type: 'test'
  ...
# Subtest: v130 reward learning is always enabled for legal matches
ok 365 - v130 reward learning is always enabled for legal matches
  ---
  duration_ms: 9.517703
  type: 'test'
  ...
# Subtest: v130 2v2 king firing positions are spread wider than v120
ok 366 - v130 2v2 king firing positions are spread wider than v120
  ---
  duration_ms: 3.219138
  type: 'test'
  ...
# Subtest: v130 self-play scheduler supports loop mode in its public plan
ok 367 - v130 self-play scheduler supports loop mode in its public plan
  ---
  duration_ms: 0.422432
  type: 'test'
  ...
# Subtest: v130 training worker generates varied decks beyond fixed presets
ok 368 - v130 training worker generates varied decks beyond fixed presets
  ---
  duration_ms: 10.634804
  type: 'test'
  ...
# Subtest: v130 cog menu only contains four requested actions
ok 369 - v130 cog menu only contains four requested actions
  ---
  duration_ms: 0.987393
  type: 'test'
  ...
# Subtest: v130 Learning Center exposes loop as a real toggle button
ok 370 - v130 Learning Center exposes loop as a real toggle button
  ---
  duration_ms: 1.447743
  type: 'test'
  ...
# Subtest: v130 headless self-play uses a 50ms simulation tick for scalable training
ok 371 - v130 headless self-play uses a 50ms simulation tick for scalable training
  ---
  duration_ms: 0.34445
  type: 'test'
  ...
# Subtest: v160 release declares placement engine modules in visible and training bundles
ok 372 - v160 release declares placement engine modules in visible and training bundles
  ---
  duration_ms: 2.479062
  type: 'test'
  ...
# Subtest: package version agrees with the generated release
ok 373 - package version agrees with the generated release
  ---
  duration_ms: 3.851831
  type: 'test'
  ...
# Subtest: v180 bundles the original ui_battle_end scene for the match result board
ok 374 - v180 bundles the original ui_battle_end scene for the match result board
  ---
  duration_ms: 1447.106618
  type: 'test'
  ...
# Subtest: v180 result timeline matches recorded Match Over -> board -> crowns -> winner cadence
ok 375 - v180 result timeline matches recorded Match Over -> board -> crowns -> winner cadence
  ---
  duration_ms: 0.559077
  type: 'test'
  ...
# Subtest: v180 original crown-award sound cues are packaged
ok 376 - v180 original crown-award sound cues are packaged
  ---
  duration_ms: 0.636595
  type: 'test'
  ...
# Subtest: v180 native library exposes battle-end renderer and battle dependencies include the source scene
ok 377 - v180 native library exposes battle-end renderer and battle dependencies include the source scene
  ---
  duration_ms: 1027.821287
  type: 'test'
  ...
# Subtest: v210 Decks list excludes all IDs in the active deck without mutating the catalogue
ok 378 - v210 Decks list excludes all IDs in the active deck without mutating the catalogue
  ---
  duration_ms: 40.59144
  type: 'test'
  ...
# Subtest: v210 Collection ignores deck membership and filters remain independent
ok 379 - v210 Collection ignores deck membership and filters remain independent
  ---
  duration_ms: 15.146207
  type: 'test'
  ...
# Subtest: v210 chest label shows the required remaining wins, not progress fractions
ok 380 - v210 chest label shows the required remaining wins, not progress fractions
  ---
  duration_ms: 2.070144
  type: 'test'
  ...
# Subtest: v210 chest labels stay bounded and use actual kind requirements
ok 381 - v210 chest labels stay bounded and use actual kind requirements
  ---
  duration_ms: 0.369564
  type: 'test'
  ...
# Subtest: fitting a constrained title never squeezes its horizontal axis
ok 382 - fitting a constrained title never squeezes its horizontal axis
  ---
  duration_ms: 1.640566
  type: 'test'
  ...
# Subtest: unconstrained labels keep requested size rather than being enlarged
ok 383 - unconstrained labels keep requested size rather than being enlarged
  ---
  duration_ms: 0.200035
  type: 'test'
  ...
# Subtest: text backing pixels follow device ratio and displayed viewport scale with a bounded budget
ok 384 - text backing pixels follow device ratio and displayed viewport scale with a bounded budget
  ---
  duration_ms: 0.464146
  type: 'test'
  ...
1..384
# tests 384
# suites 0
# pass 384
# fail 0
# cancelled 0
# skipped 0
# todo 0
# duration_ms 29393.466911
